******************************************************************************
                  TI ARM Linker PC v20.2.6                     
******************************************************************************
>> Linked Mon Oct 24 19:42:06 2022

OUTPUT FILE NAME:   <Oximeter-board.out>
ENTRY POINT SYMBOL: "_c_int00"  address: 00006501


MEMORY CONFIGURATION

         name            origin    length      used     unused   attr    fill
----------------------  --------  ---------  --------  --------  ----  --------
  FLASH                 00000000   00040000  0000b6ac  00034954  R  X
  SRAM                  20000000   00008000  00004b62  0000349e  RW X


SEGMENT ALLOCATION MAP

run origin  load origin   length   init length attrs members
----------  ----------- ---------- ----------- ----- -------
00000000    00000000    0000b6b8   0000b6b8    r-x
  00000000    00000000    0000003c   0000003c    r-- .resetVecs
  00000040    00000040    00008a1a   00008a1a    r-x .text
  00008a5c    00008a5c    000029ce   000029ce    r-- .const
  0000b430    0000b430    00000288   00000288    r-- .cinit
20000000    20000000    00000360   00000000    rw-
  20000000    20000000    00000360   00000000    rw- .vecs
20000380    20000380    00004808   00000000    rw-
  20000380    20000380    00003f30   00000000    rw- .bss
  200042b0    200042b0    000005d2   00000000    rw- .data
  20004888    20004888    00000300   00000000    rw- .stack


SECTION ALLOCATION MAP

 output                                  attributes/
section   page    origin      length       input sections
--------  ----  ----------  ----------   ----------------
.text      0    00000040    00008a1a     
                  00000040    00000430     sysbios.aem4f : BIOS.obj (.text:ti_sysbios_family_arm_m3_Hwi_excDumpRegs__I)
                  00000470    0000034c     ti.targets.arm.rtsarm.aem4f : System.oem4f (.text:xdc_runtime_System_doPrint__I)
                  000007bc    00000004     driverlib.lib : i2c.obj (.text:I2CMasterControl)
                  000007c0    000002ec     sysbios.aem4f : BIOS.obj (.text:ti_sysbios_knl_Semaphore_pend__E)
                  00000aac    00000004     driverlib.lib : i2c.obj (.text:I2CMasterDataGet)
                  00000ab0    0000026c     sysbios.aem4f : BIOS.obj (.text:ti_sysbios_heaps_HeapMem_free__E)
                  00000d1c    00000004     driverlib.lib : i2c.obj (.text:I2CMasterDataPut)
                  00000d20    00000250     sysbios.aem4f : BIOS.obj (.text:ti_sysbios_heaps_HeapMem_alloc__E)
                  00000f70    00000234                   : BIOS.obj (.text:ti_sysbios_knl_Task_Instance_finalize__E)
                  000011a4    00000224     main.obj (.text:heartbeatFxn)
                  000013c8    0000020c     drivers_tivaware.aem4f : UARTTiva.oem4f (.text:UARTTiva_open)
                  000015d4    00000004     driverlib.lib : uart.obj (.text:UARTIntClear)
                  000015d8    00000208     sysbios.aem4f : BIOS.obj (.text:ti_sysbios_knl_Task_sleep__E)
                  000017e0    000001f4                   : BIOS.obj (.text:ti_sysbios_family_arm_m3_Hwi_excHandlerMax__I)
                  000019d4    000001e8     empty_pem4f.oem4f (.text:xdc_runtime_System_printfExtend__I)
                  00001bbc    00000004     rtsv7M4_T_le_v4SPD16_eabi.lib : exit.c.obj (.text:abort:abort)
                  00001bc0    000001c0     sysbios.aem4f : BIOS.obj (.text:ti_sysbios_knl_Task_Instance_init__E)
                  00001d80    000001b6     rtsv7M4_T_le_v4SPD16_eabi.lib : fd_add_t2.asm.obj (.text)
                  00001f36    00000002                                   : _lock.c.obj (.text:_nop)
                  00001f38    0000018c     sysbios.aem4f : BIOS.obj (.text:ti_sysbios_family_arm_lm4_Timer_start__E)
                  000020c4    00000004     empty_pem4f.oem4f (.text:ti_sysbios_BIOS_RtsGateProxy_enter__E)
                  000020c8    00000178     sysbios.aem4f : BIOS.obj (.text:ti_sysbios_family_arm_lm4_TimestampProvider_get64__E)
                  00002240    00000174                   : BIOS.obj (.text:ti_sysbios_family_arm_m3_Hwi_excBusFault__I)
                  000023b4    00000004     empty_pem4f.oem4f (.text:ti_sysbios_BIOS_RtsGateProxy_leave__E)
                  000023b8    00000164     sysbios.aem4f : BIOS.obj (.text:ti_sysbios_family_arm_m3_Hwi_excUsageFault__I)
                  0000251c    00000150     drivers_tivaware.aem4f : GPIOTiva.oem4f (.text:GPIO_setConfig)
                  0000266c    00000004     sysbios.aem4f : BIOS.obj (.text:ti_sysbios_family_arm_lm4_Timer_masterEnable__I)
                  00002670    00000148                   : BIOS.obj (.text:ti_sysbios_family_arm_m3_Hwi_excMemFault__I)
                  000027b8    00000140                   : BIOS.obj (.text:ti_sysbios_knl_Semaphore_post__E)
                  000028f8    0000013c                   : BIOS.obj (.text:ti_sysbios_heaps_HeapMem_Instance_init__E)
                  00002a34    00000004     empty_pem4f.oem4f (.text:ti_sysbios_family_arm_m3_Hwi_destruct)
                  00002a38    0000013c     sysbios.aem4f : BIOS.obj (.text:ti_sysbios_knl_Clock_workFunc__E)
                  00002b74    00000004     empty_pem4f.oem4f (.text:ti_sysbios_family_arm_m3_TaskSupport_Module__startupDone__S)
                  00002b78    00000138     sysbios.aem4f : BIOS.obj (.text:ti_sysbios_family_arm_m3_Hwi_dispatchC__I)
                  00002cb0    00000138     empty_pem4f.oem4f (.text:ti_uia_loggers_LoggerStopMode_writeMemoryRange__E)
                  00002de8    00000136     rtsv7M4_T_le_v4SPD16_eabi.lib : fd_div_t2.asm.obj (.text)
                  00002f1e    00000130     driverlib.lib : gpio.obj (.text:GPIOPadConfigSet)
                  0000304e    00000002     rtsv7M4_T_le_v4SPD16_eabi.lib : div0.asm.obj (.text)
                  00003050    00000120     main.obj (.text:measureFxn)
                  00003170    0000011c     sysbios.aem4f : BIOS.obj (.text:ti_sysbios_knl_Clock_Instance_init__E)
                  0000328c    00000004     empty_pem4f.oem4f (.text:ti_sysbios_heaps_HeapMem_Module_GateProxy_enter__E)
                  00003290    0000011c     sysbios.aem4f : BIOS.obj (.text:ti_sysbios_knl_Swi_run__I)
                  000033ac    00000118     ti.targets.arm.rtsarm.aem4f : Error.oem4f (.text:xdc_runtime_Error_policyDefault__E)
                  000034c4    0000010c     empty_pem4f.oem4f (.text:ti_uia_loggers_LoggerStopMode_write8__E)
                  000035d0    00000100     Boot.aem4f : Boot_sysctl.oem4f (.text:ti_catalog_arm_cortexm4_tiva_ce_Boot_sysCtlClockSetI__I)
                  000036d0    00000100     ti.targets.arm.rtsarm.aem4f : Core-mem.oem4f (.text:xdc_runtime_Core_createObject__I)
                  000037d0    000000fc     rtsv7M4_T_le_v4SPD16_eabi.lib : fd_mul_t2.asm.obj (.text)
                  000038cc    000000f8     ti.targets.arm.rtsarm.aem4f : Startup.oem4f (.text:xdc_runtime_Startup_startMods__I)
                  000039c4    000000f4     sysbios.aem4f : m3_Hwi_asm.obj (.text:ti_sysbios_family_arm_m3_Hwi_dispatch__I)
                  00003ab8    000000f4     empty_pem4f.oem4f (.text:ti_uia_loggers_LoggerStopMode_write4__E)
                  00003bac    000000e8     empty_pem4f.oem4f (.text:ti_uia_loggers_LoggerStopMode_write1__E)
                  00003c94    000000e8     empty_pem4f.oem4f (.text:ti_uia_loggers_LoggerStopMode_write2__E)
                  00003d7c    000000e0     drivers_tivaware.aem4f : I2CTiva.oem4f (.text:I2CTiva_open)
                  00003e5c    00000004     empty_pem4f.oem4f (.text:ti_sysbios_heaps_HeapMem_Module_GateProxy_leave__E)
                  00003e60    000000d8     sysbios.aem4f : BIOS.obj (.text:ti_sysbios_family_arm_lm4_TimestampProvider_get32__E)
                  00003f38    000000d8     empty_pem4f.oem4f (.text:ti_uia_loggers_LoggerStopMode_write0__E)
                  00004010    000000d6     drivers_tivaware.aem4f : I2CTiva.oem4f (.text:I2CTiva_hwiFxn)
                  000040e6    00000002     empty_pem4f.oem4f (.text:ti_sysbios_BIOS_nullFunc__I)
                  000040e8    000000cc     sysbios.aem4f : BIOS.obj (.text:ti_sysbios_knl_Task_schedule__I)
                  000041b4    000000cc     ti.targets.arm.rtsarm.aem4f : Core-smem.oem4f (.text:xdc_runtime_Core_constructObject__I)
                  00004280    000000bc     sysbios.aem4f : BIOS.obj (.text:ti_sysbios_family_arm_m3_Hwi_excDebugMon__I)
                  0000433c    00000004     empty_pem4f.oem4f (.text:ti_sysbios_knl_Clock_TimerProxy_getMaxTicks__E)
                  00004340    000000bc     sysbios.aem4f : BIOS.obj (.text:ti_sysbios_family_arm_m3_Hwi_excHardFault__I)
                  000043fc    00000004     empty_pem4f.oem4f (.text:ti_sysbios_knl_Clock_TimerProxy_getPeriod__E)
                  00004400    000000bc     sysbios.aem4f : BIOS.obj (.text:ti_sysbios_knl_Task_startCore__E)
                  000044bc    00000004     empty_pem4f.oem4f (.text:ti_sysbios_knl_Clock_destruct)
                  000044c0    000000bc     sysbios.aem4f : BIOS.obj (.text:ti_sysbios_utils_Load_updateLoads__E)
                  0000457c    00000004     empty_pem4f.oem4f (.text:ti_sysbios_knl_Queue_destruct)
                  00004580    000000b4     sysbios.aem4f : BIOS.obj (.text:ti_sysbios_gates_GateMutex_enter__E)
                  00004634    00000004     empty_pem4f.oem4f (.text:ti_sysbios_knl_Semaphore_destruct)
                  00004638    000000b4     sysbios.aem4f : BIOS.obj (.text:ti_sysbios_knl_Task_checkStacks__E)
                  000046ec    00000004     ti.uia.loggers.aem4f : LoggerStopMode.oem4f (.text:ti_uia_loggers_LoggerStopMode_getContents__E)
                  000046f0    000000b0     sysbios.aem4f : BIOS.obj (.text:ti_sysbios_utils_Load_idleFxn__E)
                  000047a0    000000ac     drivers_tivaware.aem4f : UARTTiva.oem4f (.text:readTaskBlocking)
                  0000484c    00000004     empty_pem4f.oem4f (.text:ti_uia_loggers_LoggerStopMode_getFilterLevel__E)
                  00004850    000000ac     sysbios.aem4f : BIOS.obj (.text:ti_sysbios_family_arm_lm4_Timer_enableTiva__I)
                  000048fc    00000004     ti.uia.loggers.aem4f : LoggerStopMode.oem4f (.text:ti_uia_loggers_LoggerStopMode_getInstanceId__E)
                  00004900    000000ac     sysbios.aem4f : BIOS.obj (.text:ti_sysbios_knl_Swi_post__E)
                  000049ac    00000004     ti.uia.loggers.aem4f : LoggerStopMode.oem4f (.text:ti_uia_loggers_LoggerStopMode_getMaxLength__E)
                  000049b0    000000a8     sysbios.aem4f : BIOS.obj (.text:ti_sysbios_family_arm_lm4_Timer_enableTimers__I)
                  00004a58    000000a8                   : BIOS.obj (.text:ti_sysbios_knl_Task_blockI__E)
                  00004b00    000000a8                   : BIOS.obj (.text:ti_sysbios_knl_Task_postInit__I)
                  00004ba8    000000a4                   : BIOS.obj (.text:ti_sysbios_knl_Clock_Instance_finalize__E)
                  00004c4c    000000a0     auto_init.aem4f : auto_init.oem4f (.text)
                  00004cec    000000a0     ti.targets.arm.rtsarm.aem4f : Text.oem4f (.text:xdc_runtime_Text_putMod__E)
                  00004d8c    0000009c     rtsv7M4_T_le_v4SPD16_eabi.lib : memcpy_t2.asm.obj (.text)
                  00004e28    0000009c     sysbios.aem4f : BIOS.obj (.text:ti_sysbios_knl_Semaphore_Instance_init__E)
                  00004ec4    0000009a     ti.targets.arm.rtsarm.aem4f : Text.oem4f (.text:xdc_runtime_Text_putSite__E)
                  00004f5e    00000098     drivers_tivaware.aem4f : UARTTiva.oem4f (.text:UARTTiva_readPolling)
                  00004ff6    00000002     empty_pem4f.oem4f (.text:ti_uia_loggers_LoggerStopMode_setFilterLevel__E)
                  00004ff8    00000098     main.obj (.text:diodeFxn)
                  00005090    00000098     Boot.aem4f : Boot.oem4f (.text:ti_catalog_arm_cortexm4_tiva_ce_Boot_sysCtlClockSet__E)
                  00005128    00000094     drivers_tivaware.aem4f : UARTTiva.oem4f (.text:UARTTiva_write)
                  000051bc    00000004     ti.uia.loggers.aem4f : LoggerStopMode.oem4f (.text:ti_uia_loggers_LoggerStopMode_getPriority__E)
                  000051c0    00000094     sysbios.aem4f : BIOS.obj (.text:ti_sysbios_family_arm_m3_Hwi_Instance_init__E)
                  00005254    00000004     ti.uia.loggers.aem4f : LoggerStopMode.oem4f (.text:ti_uia_loggers_LoggerStopMode_getTransferType__E)
                  00005258    00000094     sysbios.aem4f : BIOS.obj (.text:ti_sysbios_family_arm_m3_Hwi_initNVIC__E)
                  000052ec    00000004     ti.targets.arm.rtsarm.aem4f : Error.oem4f (.text:xdc_runtime_Error_getSite__E)
                  000052f0    00000094     sysbios.aem4f : BIOS.obj (.text:ti_sysbios_knl_Task_exit__E)
                  00005384    00000004     empty_pem4f.oem4f (.text:xdc_runtime_System_Module_GateProxy_enter__E)
                  00005388    00000090     sysbios.aem4f : BIOS.obj (.text:ti_sysbios_knl_Task_unblockI__E)
                  00005418    00000090     ti.uia.loggers.aem4f : LoggerStopMode.oem4f (.text:ti_uia_loggers_LoggerStopMode_initQueueDescriptor__E)
                  000054a8    0000008c     drivers_tivaware.aem4f : GPIOTiva.oem4f (.text:GPIO_init)
                  00005534    0000008c                            : UARTTiva.oem4f (.text:UARTTiva_control)
                  000055c0    0000008c     sysbios.aem4f : m3_TaskSupport_asm.obj (.text:ti_sysbios_family_arm_m3_TaskSupport_buildTaskStack)
                  0000564c    0000008a     drivers_tivaware.aem4f : UARTTiva.oem4f (.text:readIsrTextBlocking)
                  000056d6    00000086     rtsv7M4_T_le_v4SPD16_eabi.lib : fd_cmp_t2.asm.obj (.text:__aeabi_cdcmple)
                  0000575c    00000086                                   : fd_cmp_t2.asm.obj (.text:__aeabi_cdrcmple)
                  000057e2    00000006     driverlib.lib : gpio.obj (.text:GPIOIntClear)
                  000057e8    00000084     sysbios.aem4f : BIOS.obj (.text:ti_sysbios_family_arm_m3_Hwi_postInit__I)
                  0000586c    00000082     drivers_tivaware.aem4f : UARTTiva.oem4f (.text:readIsrTextCallback)
                  000058ee    0000007e                            : I2CTiva.oem4f (.text:I2CTiva_transfer)
                  0000596c    0000007c     EK_TM4C123GXL.obj (.text:EK_TM4C123GXL_initI2C)
                  000059e8    0000007a     drivers_tivaware.aem4f : UARTTiva.oem4f (.text:readTaskCallback)
                  00005a62    0000007a     rtsv7M4_T_le_v4SPD16_eabi.lib : memset_t2.asm.obj (.text)
                  00005adc    00000078     main.obj (.text:UARTinitialization)
                  00005b54    00000004     empty_pem4f.oem4f (.text:xdc_runtime_System_Module_GateProxy_leave__E)
                  00005b58    00000074     sysbios.aem4f : BIOS.obj (.text:ti_sysbios_knl_Clock_start__E)
                  00005bcc    00000074     ti.uia.runtime.aem4f : QueueDescriptor.oem4f (.text:ti_uia_runtime_QueueDescriptor_addToList__E)
                  00005c40    00000070     main.obj (.text:printFxn)
                  00005cb0    00000070     main.obj (.text:semaphoreInitialization)
                  00005d20    0000006d     ti.targets.arm.rtsarm.aem4f : System.oem4f (.text:xdc_runtime_System_formatNum__I)
                  00005d8d    00000001     --HOLE-- [fill = 0]
                  00005d8e    00000002     ti.uia.loggers.aem4f : LoggerStopMode.oem4f (.text:ti_uia_loggers_LoggerStopMode_setPriority__E)
                  00005d90    0000006c     sysbios.aem4f : BIOS.obj (.text:ti_sysbios_knl_Swi_restoreHwi__E)
                  00005dfc    0000006c     drivers_tivaware.aem4f : UARTTiva.oem4f (.text:writeData)
                  00005e68    0000006c     ti.targets.arm.rtsarm.aem4f : Error.oem4f (.text:xdc_runtime_Error_print__E)
                  00005ed4    0000006c                                 : Memory.oem4f (.text:xdc_runtime_Memory_alloc__E)
                  00005f40    00000068     rtsv7M4_T_le_v4SPD16_eabi.lib : copy_decompress_lzss.c.obj (.text:decompress:lzss:__TI_decompress_lzss)
                  00005fa8    00000066     ti.uia.loggers.aem4f : LoggerStopMode.oem4f (.text:ti_uia_loggers_LoggerStopMode_flush__E)
                  0000600e    00000066     ti.targets.arm.rtsarm.aem4f : Core-mem.oem4f (.text:xdc_runtime_Core_deleteObject__I)
                  00006074    00000064     drivers_tivaware.aem4f : GPIOTiva.oem4f (.text:GPIO_hwiIntFxn)
                  000060d8    00000064     sysbios.aem4f : BIOS.obj (.text:ti_sysbios_family_arm_lm4_Timer_Module_startup__E)
                  0000613c    00000064     empty_pem4f.oem4f (.text:ti_sysbios_family_arm_m3_Hwi_create)
                  000061a0    00000064     main.obj (.text:writeRegister)
                  00006204    00000062     drivers_tivaware.aem4f : I2CTiva.oem4f (.text:I2CTiva_primeTransfer)
                  00006266    00000002     empty_pem4f.oem4f (.text:xdc_runtime_Startup_reset__I)
                  00006268    00000060     sysbios.aem4f : BIOS.obj (.text:ti_sysbios_family_arm_lm4_Timer_isrStub__E)
                  000062c8    00000060                   : BIOS.obj (.text:ti_sysbios_knl_Clock_logTick__E)
                  00006328    00000060                   : BIOS.obj (.text:ti_sysbios_utils_Load_logCPULoad__I)
                  00006388    0000005e     drivers_tivaware.aem4f : UARTTiva.oem4f (.text:readIsrBinaryBlocking)
                  000063e6    00000002     --HOLE-- [fill = 0]
                  000063e8    0000005c     sysbios.aem4f : BIOS.obj (.text:ti_sysbios_knl_Swi_schedule__I)
                  00006444    00000004     ti.targets.arm.rtsarm.aem4f : System.oem4f (.text:xdc_runtime_System_aprintf_va__F)
                  00006448    0000005c     sysbios.aem4f : BIOS.obj (.text:ti_sysbios_knl_Task_Module_startup__E)
                  000064a4    0000005b     ti.targets.arm.rtsarm.aem4f : Text.oem4f (.text:xdc_runtime_Text_putLab__E)
                  000064ff    00000001     --HOLE-- [fill = 0]
                  00006500    00000058     boot.aem4f : boot.oem4f (.text)
                  00006558    00000058     rtsv7M4_T_le_v4SPD16_eabi.lib : hostwrite.c.obj (.text:HOSTwrite)
                  000065b0    00000058     main.obj (.text:readRegister)
                  00006608    00000058     empty_pem4f.oem4f (.text:ti_sysbios_family_arm_m3_Hwi_construct)
                  00006660    00000058     sysbios.aem4f : m3_Hwi_asm_switch.obj (.text:ti_sysbios_family_arm_m3_Hwi_initStacks__E)
                  000066b8    00000056     driverlib.lib : gpio.obj (.text:GPIOIntTypeSet)
                  0000670e    00000054     drivers_tivaware.aem4f : UARTTiva.oem4f (.text:readIsrBinaryCallback)
                  00006762    00000002     --HOLE-- [fill = 0]
                  00006764    00000054     empty_pem4f.oem4f (.text:ti_sysbios_knl_Task_construct)
                  000067b8    00000054     ti.targets.arm.rtsarm.aem4f : Assert.oem4f (.text:xdc_runtime_Assert_raise__I)
                  0000680c    00000050     drivers_tivaware.aem4f : GPIOTiva.oem4f (.text:GPIO_setCallback)
                  0000685c    00000050                            : GPIOTiva.oem4f (.text:GPIO_toggle)
                  000068ac    00000050                            : GPIOTiva.oem4f (.text:GPIO_write)
                  000068fc    00000050                            : UARTTiva.oem4f (.text:UARTTiva_writeCancel)
                  0000694c    00000004     ti.targets.arm.rtsarm.aem4f : System.oem4f (.text:xdc_runtime_System_printf_va__F)
                  00006950    00000050     sysbios.aem4f : BIOS.obj (.text:ti_sysbios_family_arm_m3_Hwi_Module_startup__E)
                  000069a0    00000050     ti.targets.arm.rtsarm.aem4f : Startup.oem4f (.text:xdc_runtime_Startup_exec__E)
                  000069f0    00000050                                 : Text.oem4f (.text:xdc_runtime_Text_visitRope2__I)
                  00006a40    0000004c     drivers_tivaware.aem4f : UARTTiva.oem4f (.text:UARTTiva_close)
                  00006a8c    0000004c     rtsv7M4_T_le_v4SPD16_eabi.lib : cpy_tbl.c.obj (.text:copy_in)
                  00006ad8    0000004c     sysbios.aem4f : BIOS.obj (.text:ti_sysbios_heaps_HeapMem_getStats__E)
                  00006b24    00000004     --HOLE-- [fill = 0]
                  00006b28    0000004c                   : BIOS.obj (.text:ti_sysbios_knl_Swi_runLoop__I)
                  00006b74    00000004     --HOLE-- [fill = 0]
                  00006b78    0000004c                   : BIOS.obj (.text:ti_sysbios_knl_Task_allBlockedFunction__I)
                  00006bc4    0000004c     ti.uia.loggers.aem4f : LoggerStopMode.oem4f (.text:ti_uia_loggers_LoggerStopMode_Module_startup__E)
                  00006c10    00000049     main.obj (.text:initializeOximeter)
                  00006c59    00000003     --HOLE-- [fill = 0]
                  00006c5c    00000048     driverlib.lib : gpio.obj (.text:GPIOPinConfigure)
                  00006ca4    00000048                   : i2c.obj (.text:I2CMasterInitExpClk)
                  00006cec    00000048     rtsv7M4_T_le_v4SPD16_eabi.lib : fd_toi_t2.asm.obj (.text)
                  00006d34    00000004     --HOLE-- [fill = 0]
                  00006d38    00000048     sysbios.aem4f : BIOS.obj (.text:ti_sysbios_family_arm_m3_Hwi_disableInterrupt__E)
                  00006d80    00000048                   : BIOS.obj (.text:ti_sysbios_family_arm_m3_Hwi_enableInterrupt__E)
                  00006dc8    00000048                   : BIOS.obj (.text:ti_sysbios_family_arm_m3_Hwi_excReserved__I)
                  00006e10    00000046     drivers_tivaware.aem4f : RingBuf.oem4f (.text:RingBuf_put)
                  00006e56    00000046     ti.targets.arm.rtsarm.aem4f : Core-params.oem4f (.text:xdc_runtime_Core_assignParams__I)
                  00006e9c    00000044     main.obj (.text:I2Cinitialization)
                  00006ee0    00000044     rtsv7M4_T_le_v4SPD16_eabi.lib : fd_tou_t2.asm.obj (.text)
                  00006f24    00000004     --HOLE-- [fill = 0]
                  00006f28    00000044     sysbios.aem4f : BIOS.obj (.text:ti_sysbios_family_arm_lm4_Timer_stop__E)
                  00006f6c    00000004     --HOLE-- [fill = 0]
                  00006f70    00000044                   : BIOS.obj (.text:ti_sysbios_family_arm_m3_Hwi_getStackInfo__E)
                  00006fb4    00000044     ti.uia.loggers.aem4f : LoggerStopMode.oem4f (.text:ti_uia_loggers_LoggerStopMode_initBuffer__I)
                  00006ff8    00000044     ti.targets.arm.rtsarm.aem4f : Error.oem4f (.text:xdc_runtime_Error_setX__E)
                  0000703c    00000044                                 : SysMin.oem4f (.text:xdc_runtime_SysMin_flush__E)
                  00007080    00000044                                 : Text.oem4f (.text:xdc_runtime_Text_xprintf__I)
                  000070c4    00000042     driverlib.lib : uart.obj (.text:UARTConfigSetExpClk)
                  00007106    00000042     drivers_tivaware.aem4f : UARTTiva.oem4f (.text:UARTTiva_hwiIntFxn)
                  00007148    00000042                            : UARTTiva.oem4f (.text:UARTTiva_writePolling)
                  0000718a    00000002     --HOLE-- [fill = 0]
                  0000718c    00000040     EK_TM4C123GXL.obj (.text:EK_TM4C123GXL_initGeneral)
                  000071cc    00000040     drivers_tivaware.aem4f : RingBuf.oem4f (.text:RingBuf_get)
                  0000720c    00000040                            : UARTTiva.oem4f (.text:UARTTiva_read)
                  0000724c    00000040     rtsv7M4_T_le_v4SPD16_eabi.lib : u_divt2.asm.obj (.text)
                  0000728c    00000004     --HOLE-- [fill = 0]
                  00007290    00000040     sysbios.aem4f : BIOS.obj (.text:ti_sysbios_family_arm_lm4_Timer_startup__E)
                  000072d0    0000003c                   : BIOS.obj (.text:ti_sysbios_family_arm_m3_Hwi_excSvCall__I)
                  0000730c    00000004     --HOLE-- [fill = 0]
                  00007310    0000003c                   : BIOS.obj (.text:ti_sysbios_heaps_HeapMem_init__I)
                  0000734c    00000004     --HOLE-- [fill = 0]
                  00007350    0000003c                   : BIOS.obj (.text:ti_sysbios_knl_Swi_startup__E)
                  0000738c    0000003a     drivers_tivaware.aem4f : I2CTiva.oem4f (.text:I2CTiva_completeTransfer)
                  000073c6    00000002     --HOLE-- [fill = 0]
                  000073c8    00000038                            : I2C.oem4f (.text:I2C_init)
                  00007400    00000038                            : UART.oem4f (.text:UART_init)
                  00007438    00000038     rtsv7M4_T_le_v4SPD16_eabi.lib : trgmsg.c.obj (.text:__TI_writemsg)
                  00007470    00000038     main.obj (.text:constructInitTask)
                  000074a8    00000038     main.obj (.text:initializeDiodeTask)
                  000074e0    00000038     main.obj (.text:initializeHeartBeatCalculationTask)
                  00007518    00000038     main.obj (.text:initializeMeasureTask)
                  00007550    00000038     main.obj (.text:initializePrintTask)
                  00007588    00000038     rtsv7M4_T_le_v4SPD16_eabi.lib : fs_tod_t2.asm.obj (.text)
                  000075c0    00000038     sysbios.aem4f : BIOS.obj (.text:ti_sysbios_family_arm_m3_Hwi_excNoIsr__I)
                  000075f8    00000038                   : BIOS.obj (.text:ti_sysbios_knl_Task_processVitalTaskFlag__I)
                  00007630    00000038     ti.targets.arm.rtsarm.aem4f : SysMin.oem4f (.text:xdc_runtime_SysMin_putch__E)
                  00007668    00000038                                 : System.oem4f (.text:xdc_runtime_System_atexit__E)
                  000076a0    00000036     drivers_tivaware.aem4f : I2CTiva.oem4f (.text:I2CTiva_close)
                  000076d6    00000036                            : UARTTiva.oem4f (.text:UARTTiva_readCancel)
                  0000770c    00000034     driverlib.lib : sysctl.obj (.text:SysCtlPeripheralEnable)
                  00007740    00000034     rtsv7M4_T_le_v4SPD16_eabi.lib : trgmsg.c.obj (.text:__TI_readmsg)
                  00007774    00000004     --HOLE-- [fill = 0]
                  00007778    00000034     sysbios.aem4f : BIOS.obj (.text:ti_sysbios_family_arm_m3_Hwi_Instance_finalize__E)
                  000077ac    00000004     --HOLE-- [fill = 0]
                  000077b0    00000034                   : BIOS.obj (.text:ti_sysbios_family_arm_m3_Hwi_excNmi__I)
                  000077e4    00000004     --HOLE-- [fill = 0]
                  000077e8    00000034                   : BIOS.obj (.text:ti_sysbios_hal_Hwi_checkStack)
                  0000781c    00000034     empty_pem4f.oem4f (.text:ti_sysbios_knl_Clock_construct)
                  00007850    00000034     ti.uia.loggers.aem4f : LoggerStopMode.oem4f (.text:ti_uia_loggers_LoggerStopMode_reset__E)
                  00007884    00000034     ti.targets.arm.rtsarm.aem4f : Core-label.oem4f (.text:xdc_runtime_Core_assignLabel__I)
                  000078b8    00000033                                 : Text.oem4f (.text:xdc_runtime_Text_printVisFxn__I)
                  000078eb    00000005     --HOLE-- [fill = 0]
                  000078f0    00000032     sysbios.aem4f : BIOS.obj (.text:ti_sysbios_hal_Hwi_initStack)
                  00007922    00000006     driverlib.lib : gpio.obj (.text:GPIOPinRead)
                  00007928    00000032     sysbios.aem4f : BIOS.obj (.text:ti_sysbios_knl_Semaphore_pendTimeout__I)
                  0000795a    00000002     --HOLE-- [fill = 0]
                  0000795c    00000030     EK_TM4C123GXL.obj (.text:EK_TM4C123GXL_initGPIO)
                  0000798c    00000030     drivers_tivaware.aem4f : I2C.oem4f (.text:I2C_open)
                  000079bc    00000030                            : UART.oem4f (.text:UART_open)
                  000079ec    00000030     empty_pem4f.oem4f (.text:ti_sysbios_BIOS_atExitFunc__I)
                  00007a1c    00000004     --HOLE-- [fill = 0]
                  00007a20    00000030     sysbios.aem4f : BIOS.obj (.text:ti_sysbios_family_arm_m3_TaskSupport_start__E)
                  00007a50    00000030     empty_pem4f.oem4f (.text:ti_sysbios_gates_GateHwi_Object__create__S)
                  00007a80    00000030     empty_pem4f.oem4f (.text:ti_sysbios_gates_GateMutex_Object__create__S)
                  00007ab0    00000030     empty_pem4f.oem4f (.text:ti_sysbios_heaps_HeapMem_Object__create__S)
                  00007ae0    00000030     empty_pem4f.oem4f (.text:ti_sysbios_knl_Queue_create)
                  00007b10    00000030     empty_pem4f.oem4f (.text:ti_sysbios_knl_Semaphore_construct)
                  00007b40    00000030     sysbios.aem4f : BIOS.obj (.text:ti_sysbios_utils_Load_updateCurrentThreadTime__E)
                  00007b70    00000030     empty_pem4f.oem4f (.text:ti_uia_loggers_LoggerStopMode_Object__create__S)
                  00007ba0    00000030     ti.targets.arm.rtsarm.aem4f : SysMin.oem4f (.text:xdc_runtime_SysMin_abort__E)
                  00007bd0    00000030                                 : System.oem4f (.text:xdc_runtime_System_processAtExit__E)
                  00007c00    0000002e     empty_pem4f.oem4f (.text:malloc)
                  00007c2e    0000002e     rtsv7M4_T_le_v4SPD16_eabi.lib : i_tofd_t2.asm.obj (.text)
                  00007c5c    0000002c     EK_TM4C123GXL.obj (.text:EK_TM4C123GXL_initUART)
                  00007c88    0000002c     empty_pem4f.oem4f (.text:ti_sysbios_knl_Clock_doTick__I)
                  00007cb4    0000002c     empty_pem4f.oem4f (.text:ti_sysbios_knl_Queue_construct)
                  00007ce0    0000002c     sysbios.aem4f : BIOS.obj (.text:ti_sysbios_knl_Task_restore__E)
                  00007d0c    0000002c     ti.targets.arm.rtsarm.aem4f : Text.oem4f (.text:xdc_runtime_Text_cordText__E)
                  00007d38    0000002a     driverlib.lib : gpio.obj (.text:GPIODirModeSet)
                  00007d62    0000002a     ti.targets.arm.rtsarm.aem4f : System.oem4f (.text:xdc_runtime_System_putchar__I)
                  00007d8c    00000004     --HOLE-- [fill = 0]
                  00007d90    00000028     sysbios.aem4f : BIOS.obj (.text:ti_sysbios_knl_Swi_Module_startup__E)
                  00007db8    00000026                   : m3_Hwi_asm.obj (.text:ti_sysbios_family_arm_m3_Hwi_pendSV__I)
                  00007dde    00000026     ti.targets.arm.rtsarm.aem4f : System.oem4f (.text:xdc_runtime_System_avprintf__E)
                  00007e04    00000024     main.obj (.text:queueInitialization)
                  00007e28    00000024     empty_pem4f.oem4f (.text:ti_sysbios_BIOS_registerRTSLock__I)
                  00007e4c    00000024     empty_pem4f.oem4f (.text:ti_sysbios_BIOS_removeRTSLock__I)
                  00007e70    00000024     empty_pem4f.oem4f (.text:ti_sysbios_BIOS_startFunc__I)
                  00007e94    00000004     --HOLE-- [fill = 0]
                  00007e98    00000024     sysbios.aem4f : BIOS.obj (.text:ti_sysbios_family_arm_m3_Hwi_doTaskRestore__I)
                  00007ebc    00000024     empty_pem4f.oem4f (.text:ti_sysbios_gates_GateMutex_Object__delete__S)
                  00007ee0    00000024     sysbios.aem4f : BIOS.obj (.text:ti_sysbios_knl_Clock_Module_startup__E)
                  00007f04    00000024     ti.targets.arm.rtsarm.aem4f : System.oem4f (.text:xdc_runtime_System_vprintf__E)
                  00007f28    00000022     main.obj (.text:main)
                  00007f4a    00000006     driverlib.lib : gpio.obj (.text:GPIOPinWrite)
                  00007f50    00000022     sysbios.aem4f : BIOS.obj (.text:ti_sysbios_family_arm_lm4_Timer_write__I)
                  00007f72    00000022     empty_pem4f.oem4f (.text:xdc_runtime_SysMin_output__I)
                  00007f94    00000020     empty_pem4f.oem4f (.text:ti_sysbios_BIOS_rtsLock__I)
                  00007fb4    00000020     sysbios.aem4f : m3_Hwi_asm.obj (.text:ti_sysbios_family_arm_m3_Hwi_excHandlerAsm__I)
                  00007fd4    00000004     --HOLE-- [fill = 0]
                  00007fd8    00000020                   : BIOS.obj (.text:ti_sysbios_family_arm_m3_Hwi_excHandler__I)
                  00007ff8    00000020     empty_pem4f.oem4f (.text:ti_sysbios_gates_GateHwi_Object__delete__S)
                  00008018    00000020     empty_pem4f.oem4f (.text:ti_sysbios_heaps_HeapMem_Object__delete__S)
                  00008038    00000020     empty_pem4f.oem4f (.text:ti_sysbios_knl_Clock_Object__destruct__S)
                  00008058    00000020     sysbios.aem4f : BIOS.obj (.text:ti_sysbios_knl_Idle_run__E)
                  00008078    00000020     empty_pem4f.oem4f (.text:ti_sysbios_knl_Semaphore_Object__destruct__S)
                  00008098    00000020     empty_pem4f.oem4f (.text:ti_uia_loggers_LoggerStopMode_Object__delete__S)
                  000080b8    00000020     ti.targets.arm.rtsarm.aem4f : Registry.oem4f (.text:xdc_runtime_Registry_findById__E)
                  000080d8    00000020                                 : SysMin.oem4f (.text:xdc_runtime_SysMin_Module_startup__E)
                  000080f8    0000001e     empty_pem4f.oem4f (.text:ti_sysbios_BIOS_errorRaiseHook__I)
                  00008116    0000001e     sysbios.aem4f : m3_Hwi_asm_switch.obj (.text:ti_sysbios_family_xxx_Hwi_switchAndRunFunc)
                  00008134    0000001c     driverlib.lib : uart.obj (.text:UARTDisable)
                  00008150    0000001c     drivers_tivaware.aem4f : GPIOTiva.oem4f (.text:getGpioIntIndex)
                  0000816c    0000001c     main.obj (.text:initFxn)
                  00008188    0000001c     empty_pem4f.oem4f (.text:ti_sysbios_family_arm_m3_Hwi_Object__destruct__S)
                  000081a4    00000004     --HOLE-- [fill = 0]
                  000081a8    0000001c     sysbios.aem4f : BIOS.obj (.text:ti_sysbios_gates_GateMutex_Instance_init__E)
                  000081c4    0000001c     empty_pem4f.oem4f (.text:ti_sysbios_knl_Queue_Object__destruct__S)
                  000081e0    0000001c     sysbios.aem4f : BIOS.obj (.text:ti_sysbios_knl_Queue_get__E)
                  000081fc    00000004     --HOLE-- [fill = 0]
                  00008200    0000001c                   : BIOS.obj (.text:ti_sysbios_knl_Queue_put__E)
                  0000821c    00000004     --HOLE-- [fill = 0]
                  00008220    0000001c                   : BIOS.obj (.text:ti_sysbios_knl_Task_enter__I)
                  0000823c    0000001c     ti.uia.loggers.aem4f : LoggerStopMode.oem4f (.text:ti_uia_loggers_LoggerStopMode_Instance_init__E)
                  00008258    0000001c     ti.targets.arm.rtsarm.aem4f : Error.oem4f (.text:xdc_runtime_Error_raiseX__E)
                  00008274    0000001c                                 : Memory.oem4f (.text:xdc_runtime_Memory_valloc__E)
                  00008290    0000001c                                 : SysMin.oem4f (.text:xdc_runtime_SysMin_exit__E)
                  000082ac    0000001c                                 : System.oem4f (.text:xdc_runtime_System_abort__E)
                  000082c8    0000001a     empty_pem4f.oem4f (.text:free)
                  000082e2    0000001a     empty_pem4f.oem4f (.text:ti_sysbios_family_arm_m3_Hwi_Handle__label__S)
                  000082fc    0000001a     empty_pem4f.oem4f (.text:ti_sysbios_gates_GateHwi_Handle__label__S)
                  00008316    0000001a     empty_pem4f.oem4f (.text:ti_sysbios_gates_GateMutex_Handle__label__S)
                  00008330    0000001a     empty_pem4f.oem4f (.text:ti_sysbios_heaps_HeapMem_Handle__label__S)
                  0000834a    0000001a     empty_pem4f.oem4f (.text:ti_sysbios_knl_Swi_Handle__label__S)
                  00008364    0000001a     empty_pem4f.oem4f (.text:ti_sysbios_knl_Task_Handle__label__S)
                  0000837e    00000002     --HOLE-- [fill = 0]
                  00008380    0000001a     sysbios.aem4f : BIOS.obj (.text:ti_sysbios_knl_Task_sleepTimeout__I)
                  0000839a    0000001a     empty_pem4f.oem4f (.text:ti_uia_loggers_LoggerStopMode_Handle__label__S)
                  000083b4    0000001a     empty_pem4f.oem4f (.text:xdc_runtime_System_aprintf__E)
                  000083ce    0000001a     empty_pem4f.oem4f (.text:xdc_runtime_System_printf__E)
                  000083e8    00000018     drivers_tivaware.aem4f : UART.oem4f (.text:UART_Params_init)
                  00008400    00000018     rtsv7M4_T_le_v4SPD16_eabi.lib : args_main.c.obj (.text:_args_main)
                  00008418    00000018     empty_pem4f.oem4f (.text:ti_sysbios_BIOS_rtsUnlock__I)
                  00008430    00000018     empty_pem4f.oem4f (.text:ti_sysbios_family_arm_lm4_Timer_Module__startupDone__F)
                  00008448    00000018     empty_pem4f.oem4f (.text:ti_sysbios_family_arm_m3_Hwi_Module__startupDone__F)
                  00008460    00000018     sysbios.aem4f : m3_TaskSupport_asm.obj (.text:ti_sysbios_family_arm_m3_TaskSupport_swap__E)
                  00008478    00000018                   : BIOS.obj (.text:ti_sysbios_gates_GateMutex_leave__E)
                  00008490    00000018     ti.targets.arm.rtsarm.aem4f : Error.oem4f (.text:xdc_runtime_Error_check__E)
                  000084a8    00000018                                 : System.oem4f (.text:xdc_runtime_System_exit__E)
                  000084c0    00000018                                 : Text.oem4f (.text:xdc_runtime_Text_ropeText__E)
                  000084d8    00000016     driverlib.lib : i2c.obj (.text:I2CMasterErr)
                  000084ee    00000016     empty_pem4f.oem4f (.text:ti_sysbios_BIOS_exitFunc__I)
                  00008504    00000016     main.obj (.text:ti_sysbios_knl_Semaphore_Params_init)
                  0000851a    00000016     main.obj (.text:ti_sysbios_knl_Task_Params_init)
                  00008530    00000016     ti.uia.loggers.aem4f : LoggerStopMode.oem4f (.text:ti_uia_loggers_LoggerStopMode_disable__E)
                  00008546    00000016                          : LoggerStopMode.oem4f (.text:ti_uia_loggers_LoggerStopMode_enable__E)
                  0000855c    00000014     driverlib.lib : uart.obj (.text:UARTEnable)
                  00008570    00000014     main.obj (.text:boardInitialization)
                  00008584    00000014     rtsv7M4_T_le_v4SPD16_eabi.lib : strlen.c.obj (.text:strlen)
                  00008598    00000014     empty_pem4f.oem4f (.text:ti_sysbios_family_arm_m3_Hwi_Object__get__S)
                  000085ac    00000004     --HOLE-- [fill = 0]
                  000085b0    00000014     sysbios.aem4f : BIOS.obj (.text:ti_sysbios_family_arm_m3_Hwi_switchFromBootStack__E)
                  000085c4    00000014     empty_pem4f.oem4f (.text:ti_sysbios_heaps_HeapMem_Object__get__S)
                  000085d8    00000014     empty_pem4f.oem4f (.text:ti_sysbios_knl_Swi_Object__get__S)
                  000085ec    00000012     driverlib.lib : gpio.obj (.text:GPIOPinTypeGPIOInput)
                  000085fe    00000012                   : gpio.obj (.text:GPIOPinTypeI2C)
                  00008610    00000012                   : gpio.obj (.text:GPIOPinTypeI2CSCL)
                  00008622    00000012                   : gpio.obj (.text:GPIOPinTypeUART)
                  00008634    00000012     drivers_tivaware.aem4f : RingBuf.oem4f (.text:RingBuf_construct)
                  00008646    00000002     --HOLE-- [fill = 0]
                  00008648    00000012     sysbios.aem4f : BIOS.obj (.text:ti_sysbios_hal_Hwi_Module_startup__E)
                  0000865a    00000012     empty_pem4f.oem4f (.text:xdc_runtime_Startup_exec__I)
                  0000866c    00000010     drivers_tivaware.aem4f : I2C.oem4f (.text:I2C_Params_init)
                  0000867c    00000010                            : UARTTiva.oem4f (.text:readBlockingTimeout)
                  0000868c    00000004     --HOLE-- [fill = 0]
                  00008690    00000010     sysbios.aem4f : BIOS.obj (.text:ti_sysbios_BIOS_getCpuFreq__E)
                  000086a0    00000010                   : BIOS.obj (.text:ti_sysbios_BIOS_setThreadType__E)
                  000086b0    00000010                   : BIOS.obj (.text:ti_sysbios_BIOS_start__E)
                  000086c0    00000010                   : BIOS.obj (.text:ti_sysbios_family_arm_lm4_TimestampProvider_rolloverFunc__E)
                  000086d0    00000010                   : m3_TaskSupport_asm.obj (.text:ti_sysbios_family_arm_m3_TaskSupport_glue)
                  000086e0    00000010                   : BIOS.obj (.text:ti_sysbios_gates_GateMutex_Instance_finalize__E)
                  000086f0    00000010                   : BIOS.obj (.text:ti_sysbios_knl_Semaphore_Instance_finalize__E)
                  00008700    00000010                   : BIOS.obj (.text:ti_sysbios_knl_Swi_disable__E)
                  00008710    00000010     empty_pem4f.oem4f (.text:ti_sysbios_knl_Task_Object__get__S)
                  00008720    00000010     sysbios.aem4f : BIOS.obj (.text:ti_sysbios_knl_Task_disable__E)
                  00008730    00000010     empty_pem4f.oem4f (.text:ti_uia_loggers_LoggerStopMode_Object__get__S)
                  00008740    00000010     ti.uia.loggers.aem4f : LoggerStopMode.oem4f (.text:ti_uia_loggers_LoggerStopMode_isEmpty__E)
                  00008750    00000010     ti.targets.arm.rtsarm.aem4f : Gate.oem4f (.text:xdc_runtime_Gate_leaveSystem__E)
                  00008760    00000010                                 : Memory.oem4f (.text:xdc_runtime_Memory_free__E)
                  00008770    00000010                                 : SysMin.oem4f (.text:xdc_runtime_SysMin_ready__E)
                  00008780    00000010                                 : System.oem4f (.text:xdc_runtime_System_vsnprintf__E)
                  00008790    00000010     empty_pem4f.oem4f (.text:xdc_runtime_Text_visitRope__I)
                  000087a0    0000000e     driverlib.lib : gpio.obj (.text:GPIOIntStatus)
                  000087ae    0000000e                   : uart.obj (.text:UARTCharGetNonBlocking)
                  000087bc    0000000e                   : uart.obj (.text:UARTCharPutNonBlocking)
                  000087ca    0000000e     rtsv7M4_T_le_v4SPD16_eabi.lib : copy_decompress_none.c.obj (.text:decompress:none:__TI_decompress_none)
                  000087d8    0000000e     sysbios.aem4f : BIOS.obj (.text:ti_sysbios_knl_Idle_loop__E)
                  000087e6    00000002     --HOLE-- [fill = 0]
                  000087e8    0000000e                   : BIOS.obj (.text:ti_sysbios_knl_Queue_empty__E)
                  000087f6    00000002     --HOLE-- [fill = 0]
                  000087f8    0000000c     empty_pem4f.oem4f (.text:.bootCodeSection:ti_catalog_arm_cortexm4_tiva_ce_Boot_init__I)
                  00008804    0000000c     drivers_tivaware.aem4f : RingBuf.oem4f (.text:RingBuf_peek)
                  00008810    0000000c     driverlib.lib : uart.obj (.text:UARTFlowControlSet)
                  0000881c    0000000c     drivers_tivaware.aem4f : UARTTiva.oem4f (.text:UARTTiva_init)
                  00008828    0000000c     rtsv7M4_T_le_v4SPD16_eabi.lib : _lock.c.obj (.text:_register_lock)
                  00008834    0000000c                                   : _lock.c.obj (.text:_register_unlock)
                  00008840    0000000c                                   : copy_zero_init.c.obj (.text:decompress:ZI:__TI_zero_init)
                  0000884c    00000004     --HOLE-- [fill = 0]
                  00008850    0000000c     sysbios.aem4f : BIOS.obj (.text:ti_sysbios_family_arm_lm4_Timer_getMaxTicks__E)
                  0000885c    00000004     --HOLE-- [fill = 0]
                  00008860    0000000c                   : BIOS.obj (.text:ti_sysbios_family_arm_lm4_TimestampProvider_startTimer__E)
                  0000886c    0000000c     empty_pem4f.oem4f (.text:ti_sysbios_family_arm_m3_Hwi_Params__init__S)
                  00008878    0000000c     sysbios.aem4f : BIOS.obj (.text:ti_sysbios_family_arm_m3_Hwi_disableFxn__E)
                  00008884    00000004     --HOLE-- [fill = 0]
                  00008888    0000000c                   : BIOS.obj (.text:ti_sysbios_family_arm_m3_TaskSupport_checkStack__E)
                  00008894    00000004     --HOLE-- [fill = 0]
                  00008898    0000000c                   : BIOS.obj (.text:ti_sysbios_family_arm_m3_TaskSupport_getStackAlignment__E)
                  000088a4    00000004     --HOLE-- [fill = 0]
                  000088a8    0000000c                   : BIOS.obj (.text:ti_sysbios_gates_GateHwi_enter__E)
                  000088b4    0000000c     empty_pem4f.oem4f (.text:ti_sysbios_knl_Clock_Params__init__S)
                  000088c0    0000000c     empty_pem4f.oem4f (.text:ti_sysbios_knl_Queue_Object__get__S)
                  000088cc    0000000c     empty_pem4f.oem4f (.text:ti_sysbios_knl_Semaphore_Params__init__S)
                  000088d8    0000000c     main.obj (.text:ti_sysbios_knl_Semaphore_handle)
                  000088e4    0000000c     empty_pem4f.oem4f (.text:ti_sysbios_knl_Task_Params__init__S)
                  000088f0    0000000c     ti.targets.arm.rtsarm.aem4f : Error.oem4f (.text:xdc_runtime_Error_init__E)
                  000088fc    0000000c                                 : Gate.oem4f (.text:xdc_runtime_Gate_enterSystem__E)
                  00008908    0000000c                                 : Memory.oem4f (.text:xdc_runtime_Memory_calloc__E)
                  00008914    0000000c                                 : Memory.oem4f (.text:xdc_runtime_Memory_getMaxDefaultTypeAlign__E)
                  00008920    0000000a     driverlib.lib : i2c.obj (.text:I2CMasterDisable)
                  0000892a    0000000a                   : i2c.obj (.text:I2CMasterEnable)
                  00008934    0000000a     drivers_tivaware.aem4f : I2CTiva.oem4f (.text:I2CTiva_init)
                  0000893e    0000000a                            : I2C.oem4f (.text:I2C_transfer)
                  00008948    0000000a     driverlib.lib : uart.obj (.text:UARTCharGet)
                  00008952    0000000a                   : uart.obj (.text:UARTCharPut)
                  0000895c    0000000a                   : uart.obj (.text:UARTIntDisable)
                  00008966    0000000a                   : uart.obj (.text:UARTIntStatus)
                  00008970    0000000a     empty_pem4f.oem4f (.text:xdc_runtime_IHeap_alloc)
                  0000897a    0000000a     empty_pem4f.oem4f (.text:xdc_runtime_IHeap_free)
                  00008984    00000008     driverlib.lib : i2c.obj (.text:I2CMasterIntClear)
                  0000898c    00000008                   : i2c.obj (.text:I2CMasterSlaveAddrSet)
                  00008994    00000008     drivers_tivaware.aem4f : I2CTiva.oem4f (.text:I2CTiva_blockingCallback)
                  0000899c    00000008     driverlib.lib : uart.obj (.text:UARTIntEnable)
                  000089a4    00000008                   : uart.obj (.text:UARTRxErrorGet)
                  000089ac    00000008     drivers_tivaware.aem4f : UARTTiva.oem4f (.text:readSemCallback)
                  000089b4    00000008     sysbios.aem4f : BIOS.obj (.text:ti_sysbios_family_arm_lm4_Timer_masterDisable__I)
                  000089bc    00000004     --HOLE-- [fill = 0]
                  000089c0    00000008                   : BIOS.obj (.text:ti_sysbios_family_arm_m3_Hwi_doSwiRestore__I)
                  000089c8    00000008                   : BIOS.obj (.text:ti_sysbios_family_arm_m3_Hwi_startup__E)
                  000089d0    00000008     drivers_tivaware.aem4f : UARTTiva.oem4f (.text:writeSemCallback)
                  000089d8    00000006     driverlib.lib : i2c.obj (.text:I2CMasterIntDisable)
                  000089de    00000006                   : i2c.obj (.text:I2CMasterIntEnable)
                  000089e4    00000006     drivers_tivaware.aem4f : I2CTiva.oem4f (.text:I2CTiva_control)
                  000089ea    00000006     driverlib.lib : uart.obj (.text:UARTFIFOLevelSet)
                  000089f0    00000006                   : uart.obj (.text:UARTRxErrorClear)
                  000089f6    00000006     Boot.aem4f : Boot_sysctl.oem4f (.text:ti_catalog_arm_cortexm4_tiva_ce_Boot_sysCtlDelayI__I)
                  000089fc    00000004     --HOLE-- [fill = 0]
                  00008a00    00000006     sysbios.aem4f : BIOS.obj (.text:ti_sysbios_family_arm_lm4_TimestampProvider_Module_startup__E)
                  00008a06    00000002     --HOLE-- [fill = 0]
                  00008a08    00000006                   : BIOS.obj (.text:ti_sysbios_family_arm_m3_Hwi_restoreFxn__E)
                  00008a0e    00000002     --HOLE-- [fill = 0]
                  00008a10    00000006                   : BIOS.obj (.text:ti_sysbios_gates_GateHwi_leave__E)
                  00008a16    00000002     --HOLE-- [fill = 0]
                  00008a18    00000006                   : BIOS.obj (.text:ti_sysbios_heaps_HeapMem_isBlocking__E)
                  00008a1e    00000002     --HOLE-- [fill = 0]
                  00008a20    00000006                   : BIOS.obj (.text:ti_sysbios_knl_Clock_stop__E)
                  00008a26    00000002     --HOLE-- [fill = 0]
                  00008a28    00000006                   : BIOS.obj (.text:ti_sysbios_knl_Queue_Instance_init__E)
                  00008a2e    00000006     ti.targets.arm.rtsarm.aem4f : System.oem4f (.text:xdc_runtime_System_Module_startup__E)
                  00008a34    00000004     --HOLE-- [fill = 0]
                  00008a38    00000004     sysbios.aem4f : BIOS.obj (.text:ti_sysbios_family_arm_lm4_Timer_getPeriod__E)
                  00008a3c    00000004     --HOLE-- [fill = 0]
                  00008a40    00000004                   : BIOS.obj (.text:ti_sysbios_gates_GateHwi_query__E)
                  00008a44    00000004     --HOLE-- [fill = 0]
                  00008a48    00000004                   : BIOS.obj (.text:ti_sysbios_gates_GateMutex_query__E)
                  00008a4c    00000004     --HOLE-- [fill = 0]
                  00008a50    00000004                   : BIOS.obj (.text:ti_sysbios_knl_Task_startup__E)
                  00008a54    00000004     --HOLE-- [fill = 0]
                  00008a58    00000002                   : BIOS.obj (.text:ti_sysbios_gates_GateHwi_Instance_init__E)

.const     0    00008a5c    000029ce     
                  00008a5c    00001fa3     empty_pem4f.oem4f (.const:xdc_runtime_Text_charTab__A)
                  0000a9ff    00000001     empty_pem4f.oem4f (.const:xdc_runtime_Error_policy__C)
                  0000aa00    00000104     empty_pem4f.oem4f (.const:xdc_runtime_Text_nodeTab__A)
                  0000ab04    00000090     driverlib.lib : gpio.obj (.const:g_pui32GPIOBaseAddrs)
                  0000ab94    00000060     empty_pem4f.oem4f (.const:ti_uia_loggers_LoggerStopMode_Module__FXNS__C)
                  0000abf4    00000054     drivers_tivaware.aem4f : GPIOTiva.oem4f (.const:.string)
                  0000ac48    0000004c                            : UARTTiva.oem4f (.const)
                  0000ac94    00000048     empty_pem4f.oem4f (.const:.string)
                  0000acdc    00000048     drivers_tivaware.aem4f : GPIOTiva.oem4f (.const:gpioBaseAddresses)
                  0000ad24    0000003c     empty_pem4f.oem4f (.const:ti_sysbios_knl_Task_Object__PARAMS__C)
                  0000ad60    00000030     empty_pem4f.oem4f (.const:ti_sysbios_family_arm_m3_Hwi_Object__PARAMS__C)
                  0000ad90    00000028     drivers_tivaware.aem4f : UARTTiva.oem4f (.const:UARTTiva_fxnTable)
                  0000adb8    00000028     empty_pem4f.oem4f (.const:ti_sysbios_heaps_HeapMem_Module__FXNS__C)
                  0000ade0    00000028     empty_pem4f.oem4f (.const:ti_uia_loggers_LoggerStopMode_Object__PARAMS__C)
                  0000ae08    00000028     empty_pem4f.oem4f (.const:xdc_runtime_Startup_sfxnTab__A)
                  0000ae30    00000024     EK_TM4C123GXL.obj (.const:I2C_config)
                  0000ae54    00000024     drivers_tivaware.aem4f : UART.oem4f (.const:UART_defaultParams)
                  0000ae78    00000024     empty_pem4f.oem4f (.const:ti_sysbios_gates_GateHwi_Module__FXNS__C)
                  0000ae9c    00000024     empty_pem4f.oem4f (.const:ti_sysbios_gates_GateMutex_Module__FXNS__C)
                  0000aec0    00000024     empty_pem4f.oem4f (.const:ti_sysbios_heaps_HeapMem_Object__PARAMS__C)
                  0000aee4    00000024     empty_pem4f.oem4f (.const:ti_sysbios_knl_Clock_Object__PARAMS__C)
                  0000af08    00000024     empty_pem4f.oem4f (.const:ti_sysbios_knl_Semaphore_Object__PARAMS__C)
                  0000af2c    00000020     empty_pem4f.oem4f (.const:ti_sysbios_family_arm_m3_Hwi_Object__DESC__C)
                  0000af4c    00000020     empty_pem4f.oem4f (.const:ti_sysbios_gates_GateHwi_Object__DESC__C)
                  0000af6c    00000020     empty_pem4f.oem4f (.const:ti_sysbios_gates_GateMutex_Object__DESC__C)
                  0000af8c    00000020     empty_pem4f.oem4f (.const:ti_sysbios_heaps_HeapMem_Object__DESC__C)
                  0000afac    00000020     empty_pem4f.oem4f (.const:ti_sysbios_knl_Clock_Object__DESC__C)
                  0000afcc    00000020     empty_pem4f.oem4f (.const:ti_sysbios_knl_Queue_Object__DESC__C)
                  0000afec    00000020     empty_pem4f.oem4f (.const:ti_sysbios_knl_Semaphore_Object__DESC__C)
                  0000b00c    00000020     empty_pem4f.oem4f (.const:ti_sysbios_knl_Task_Object__DESC__C)
                  0000b02c    00000020     empty_pem4f.oem4f (.const:ti_uia_loggers_LoggerStopMode_Object__DESC__C)
                  0000b04c    0000001c     drivers_tivaware.aem4f : I2CTiva.oem4f (.const)
                  0000b068    00000018     EK_TM4C123GXL.obj (.const:UART_config)
                  0000b080    00000018     EK_TM4C123GXL.obj (.const:i2cTivaHWAttrs)
                  0000b098    00000018     empty_pem4f.oem4f (.const:ti_sysbios_gates_GateHwi_Object__PARAMS__C)
                  0000b0b0    00000018     empty_pem4f.oem4f (.const:ti_sysbios_gates_GateMutex_Object__PARAMS__C)
                  0000b0c8    00000018     empty_pem4f.oem4f (.const:ti_sysbios_knl_Queue_Object__PARAMS__C)
                  0000b0e0    00000018     EK_TM4C123GXL.obj (.const:uartTivaHWAttrs)
                  0000b0f8    00000014     EK_TM4C123GXL.obj (.const:GPIOTiva_config)
                  0000b10c    00000014     empty_pem4f.oem4f (.const:xdc_runtime_Startup_firstFxns__A)
                  0000b120    00000014     empty_pem4f.oem4f (.const:xdc_runtime_Startup_sfxnRts__A)
                  0000b134    00000010     drivers_tivaware.aem4f : I2C.oem4f (.const)
                  0000b144    00000008     empty_pem4f.oem4f (.const:ti_sysbios_family_arm_m3_Hwi_excHookFuncs__A)
                  0000b14c    00000008     empty_pem4f.oem4f (.const:ti_sysbios_knl_Idle_funcList__A)
                  0000b154    00000008     empty_pem4f.oem4f (.const:ti_sysbios_knl_Idle_funcList__C)
                  0000b15c    00000008     empty_pem4f.oem4f (.const:xdc_runtime_Startup_firstFxns__C)
                  0000b164    00000008     empty_pem4f.oem4f (.const:xdc_runtime_Startup_lastFxns__C)
                  0000b16c    00000004     empty_pem4f.oem4f (.const:ti_catalog_arm_cortexm4_tiva_ce_Boot_A_mustUseEnhancedClockMode__C)
                  0000b170    00000004     empty_pem4f.oem4f (.const:ti_catalog_arm_cortexm4_tiva_ce_Boot_Module__diagsEnabled__C)
                  0000b174    00000004     empty_pem4f.oem4f (.const:ti_catalog_arm_cortexm4_tiva_ce_Boot_Module__diagsIncluded__C)
                  0000b178    00000004     empty_pem4f.oem4f (.const:ti_catalog_arm_cortexm4_tiva_ce_Boot_Module__diagsMask__C)
                  0000b17c    00000004     empty_pem4f.oem4f (.const:ti_sysbios_family_arm_lm4_Timer_enableFunc__C)
                  0000b180    00000004     empty_pem4f.oem4f (.const:ti_sysbios_family_arm_lm4_Timer_numTimerDevices__C)
                  0000b184    00000004     empty_pem4f.oem4f (.const:ti_sysbios_family_arm_lm4_Timer_startupNeeded__C)
                  0000b188    00000004     empty_pem4f.oem4f (.const:ti_sysbios_family_arm_m3_Hwi_E_NMI__C)
                  0000b18c    00000004     empty_pem4f.oem4f (.const:ti_sysbios_family_arm_m3_Hwi_E_alreadyDefined__C)
                  0000b190    00000004     empty_pem4f.oem4f (.const:ti_sysbios_family_arm_m3_Hwi_E_busFault__C)
                  0000b194    00000004     empty_pem4f.oem4f (.const:ti_sysbios_family_arm_m3_Hwi_E_debugMon__C)
                  0000b198    00000004     empty_pem4f.oem4f (.const:ti_sysbios_family_arm_m3_Hwi_E_hardFault__C)
                  0000b19c    00000004     empty_pem4f.oem4f (.const:ti_sysbios_family_arm_m3_Hwi_E_memFault__C)
                  0000b1a0    00000004     empty_pem4f.oem4f (.const:ti_sysbios_family_arm_m3_Hwi_E_noIsr__C)
                  0000b1a4    00000004     empty_pem4f.oem4f (.const:ti_sysbios_family_arm_m3_Hwi_E_reserved__C)
                  0000b1a8    00000004     empty_pem4f.oem4f (.const:ti_sysbios_family_arm_m3_Hwi_E_svCall__C)
                  0000b1ac    00000004     empty_pem4f.oem4f (.const:ti_sysbios_family_arm_m3_Hwi_E_usageFault__C)
                  0000b1b0    00000004     empty_pem4f.oem4f (.const:ti_sysbios_family_arm_m3_Hwi_LD_end__C)
                  0000b1b4    00000004     empty_pem4f.oem4f (.const:ti_sysbios_family_arm_m3_Hwi_LM_begin__C)
                  0000b1b8    00000004     empty_pem4f.oem4f (.const:ti_sysbios_family_arm_m3_Hwi_Module__diagsEnabled__C)
                  0000b1bc    00000004     empty_pem4f.oem4f (.const:ti_sysbios_family_arm_m3_Hwi_Module__diagsIncluded__C)
                  0000b1c0    00000004     empty_pem4f.oem4f (.const:ti_sysbios_family_arm_m3_Hwi_Module__diagsMask__C)
                  0000b1c4    00000004     empty_pem4f.oem4f (.const:ti_sysbios_family_arm_m3_Hwi_Module__loggerFxn1__C)
                  0000b1c8    00000004     empty_pem4f.oem4f (.const:ti_sysbios_family_arm_m3_Hwi_Module__loggerFxn8__C)
                  0000b1cc    00000004     empty_pem4f.oem4f (.const:ti_sysbios_family_arm_m3_Hwi_Module__loggerObj__C)
                  0000b1d0    00000004     empty_pem4f.oem4f (.const:ti_sysbios_family_arm_m3_Hwi_NUM_INTERRUPTS__C)
                  0000b1d4    00000004     empty_pem4f.oem4f (.const:ti_sysbios_family_arm_m3_Hwi_Object__count__C)
                  0000b1d8    00000004     empty_pem4f.oem4f (.const:ti_sysbios_family_arm_m3_Hwi_ccr__C)
                  0000b1dc    00000004     empty_pem4f.oem4f (.const:ti_sysbios_family_arm_m3_Hwi_excHandlerFunc__C)
                  0000b1e0    00000004     empty_pem4f.oem4f (.const:ti_sysbios_family_arm_m3_Hwi_excHookFuncs__C)
                  0000b1e4    00000004     empty_pem4f.oem4f (.const:ti_sysbios_family_arm_m3_Hwi_nullIsrFunc__C)
                  0000b1e8    00000004     empty_pem4f.oem4f (.const:ti_sysbios_family_arm_m3_Hwi_priGroup__C)
                  0000b1ec    00000004     empty_pem4f.oem4f (.const:ti_sysbios_family_arm_m3_TaskSupport_stackAlignment__C)
                  0000b1f0    00000004     empty_pem4f.oem4f (.const:ti_sysbios_gates_GateMutex_A_badContext__C)
                  0000b1f4    00000004     empty_pem4f.oem4f (.const:ti_sysbios_gates_GateMutex_Instance_State_sem__O)
                  0000b1f8    00000004     empty_pem4f.oem4f (.const:ti_sysbios_gates_GateMutex_Module__diagsEnabled__C)
                  0000b1fc    00000004     empty_pem4f.oem4f (.const:ti_sysbios_gates_GateMutex_Module__diagsIncluded__C)
                  0000b200    00000004     empty_pem4f.oem4f (.const:ti_sysbios_gates_GateMutex_Module__diagsMask__C)
                  0000b204    00000004     empty_pem4f.oem4f (.const:ti_sysbios_hal_Hwi_E_stackOverflow__C)
                  0000b208    00000004     empty_pem4f.oem4f (.const:ti_sysbios_heaps_HeapMem_A_align__C)
                  0000b20c    00000004     empty_pem4f.oem4f (.const:ti_sysbios_heaps_HeapMem_A_heapSize__C)
                  0000b210    00000004     empty_pem4f.oem4f (.const:ti_sysbios_heaps_HeapMem_A_invalidFree__C)
                  0000b214    00000004     empty_pem4f.oem4f (.const:ti_sysbios_heaps_HeapMem_A_zeroBlock__C)
                  0000b218    00000004     empty_pem4f.oem4f (.const:ti_sysbios_heaps_HeapMem_E_memory__C)
                  0000b21c    00000004     empty_pem4f.oem4f (.const:ti_sysbios_heaps_HeapMem_Module__diagsEnabled__C)
                  0000b220    00000004     empty_pem4f.oem4f (.const:ti_sysbios_heaps_HeapMem_Module__diagsIncluded__C)
                  0000b224    00000004     empty_pem4f.oem4f (.const:ti_sysbios_heaps_HeapMem_Module__diagsMask__C)
                  0000b228    00000004     empty_pem4f.oem4f (.const:ti_sysbios_heaps_HeapMem_Module__gateObj__C)
                  0000b22c    00000004     empty_pem4f.oem4f (.const:ti_sysbios_heaps_HeapMem_Object__count__C)
                  0000b230    00000004     empty_pem4f.oem4f (.const:ti_sysbios_heaps_HeapMem_reqAlign__C)
                  0000b234    00000004     empty_pem4f.oem4f (.const:ti_sysbios_knl_Clock_A_badThreadType__C)
                  0000b238    00000004     empty_pem4f.oem4f (.const:ti_sysbios_knl_Clock_LM_begin__C)
                  0000b23c    00000004     empty_pem4f.oem4f (.const:ti_sysbios_knl_Clock_LM_tick__C)
                  0000b240    00000004     empty_pem4f.oem4f (.const:ti_sysbios_knl_Clock_LW_delayed__C)
                  0000b244    00000004     empty_pem4f.oem4f (.const:ti_sysbios_knl_Clock_Module_State_clockQ__O)
                  0000b248    00000004     empty_pem4f.oem4f (.const:ti_sysbios_knl_Clock_Module__diagsEnabled__C)
                  0000b24c    00000004     empty_pem4f.oem4f (.const:ti_sysbios_knl_Clock_Module__diagsIncluded__C)
                  0000b250    00000004     empty_pem4f.oem4f (.const:ti_sysbios_knl_Clock_Module__diagsMask__C)
                  0000b254    00000004     empty_pem4f.oem4f (.const:ti_sysbios_knl_Clock_Module__loggerFxn1__C)
                  0000b258    00000004     empty_pem4f.oem4f (.const:ti_sysbios_knl_Clock_Module__loggerFxn2__C)
                  0000b25c    00000004     empty_pem4f.oem4f (.const:ti_sysbios_knl_Clock_Module__loggerObj__C)
                  0000b260    00000004     empty_pem4f.oem4f (.const:ti_sysbios_knl_Semaphore_A_badContext__C)
                  0000b264    00000004     empty_pem4f.oem4f (.const:ti_sysbios_knl_Semaphore_A_noEvents__C)
                  0000b268    00000004     empty_pem4f.oem4f (.const:ti_sysbios_knl_Semaphore_A_overflow__C)
                  0000b26c    00000004     empty_pem4f.oem4f (.const:ti_sysbios_knl_Semaphore_A_pendTaskDisabled__C)
                  0000b270    00000004     empty_pem4f.oem4f (.const:ti_sysbios_knl_Semaphore_Instance_State_pendQ__O)
                  0000b274    00000004     empty_pem4f.oem4f (.const:ti_sysbios_knl_Semaphore_LM_pend__C)
                  0000b278    00000004     empty_pem4f.oem4f (.const:ti_sysbios_knl_Semaphore_LM_post__C)
                  0000b27c    00000004     empty_pem4f.oem4f (.const:ti_sysbios_knl_Semaphore_Module__diagsEnabled__C)
                  0000b280    00000004     empty_pem4f.oem4f (.const:ti_sysbios_knl_Semaphore_Module__diagsIncluded__C)
                  0000b284    00000004     empty_pem4f.oem4f (.const:ti_sysbios_knl_Semaphore_Module__diagsMask__C)
                  0000b288    00000004     empty_pem4f.oem4f (.const:ti_sysbios_knl_Semaphore_Module__loggerFxn2__C)
                  0000b28c    00000004     empty_pem4f.oem4f (.const:ti_sysbios_knl_Semaphore_Module__loggerFxn4__C)
                  0000b290    00000004     empty_pem4f.oem4f (.const:ti_sysbios_knl_Semaphore_Module__loggerObj__C)
                  0000b294    00000004     empty_pem4f.oem4f (.const:ti_sysbios_knl_Swi_LD_end__C)
                  0000b298    00000004     empty_pem4f.oem4f (.const:ti_sysbios_knl_Swi_LM_begin__C)
                  0000b29c    00000004     empty_pem4f.oem4f (.const:ti_sysbios_knl_Swi_LM_post__C)
                  0000b2a0    00000004     empty_pem4f.oem4f (.const:ti_sysbios_knl_Swi_Module__diagsEnabled__C)
                  0000b2a4    00000004     empty_pem4f.oem4f (.const:ti_sysbios_knl_Swi_Module__diagsIncluded__C)
                  0000b2a8    00000004     empty_pem4f.oem4f (.const:ti_sysbios_knl_Swi_Module__diagsMask__C)
                  0000b2ac    00000004     empty_pem4f.oem4f (.const:ti_sysbios_knl_Swi_Module__loggerFxn1__C)
                  0000b2b0    00000004     empty_pem4f.oem4f (.const:ti_sysbios_knl_Swi_Module__loggerFxn4__C)
                  0000b2b4    00000004     empty_pem4f.oem4f (.const:ti_sysbios_knl_Swi_Module__loggerObj__C)
                  0000b2b8    00000004     empty_pem4f.oem4f (.const:ti_sysbios_knl_Swi_Object__count__C)
                  0000b2bc    00000004     empty_pem4f.oem4f (.const:ti_sysbios_knl_Task_A_badPriority__C)
                  0000b2c0    00000004     empty_pem4f.oem4f (.const:ti_sysbios_knl_Task_A_badTaskState__C)
                  0000b2c4    00000004     empty_pem4f.oem4f (.const:ti_sysbios_knl_Task_A_badThreadType__C)
                  0000b2c8    00000004     empty_pem4f.oem4f (.const:ti_sysbios_knl_Task_A_badTimeout__C)
                  0000b2cc    00000004     empty_pem4f.oem4f (.const:ti_sysbios_knl_Task_A_noPendElem__C)
                  0000b2d0    00000004     empty_pem4f.oem4f (.const:ti_sysbios_knl_Task_A_sleepTaskDisabled__C)
                  0000b2d4    00000004     empty_pem4f.oem4f (.const:ti_sysbios_knl_Task_E_spOutOfBounds__C)
                  0000b2d8    00000004     empty_pem4f.oem4f (.const:ti_sysbios_knl_Task_E_stackOverflow__C)
                  0000b2dc    00000004     empty_pem4f.oem4f (.const:ti_sysbios_knl_Task_LD_block__C)
                  0000b2e0    00000004     empty_pem4f.oem4f (.const:ti_sysbios_knl_Task_LD_exit__C)
                  0000b2e4    00000004     empty_pem4f.oem4f (.const:ti_sysbios_knl_Task_LD_ready__C)
                  0000b2e8    00000004     empty_pem4f.oem4f (.const:ti_sysbios_knl_Task_LM_sleep__C)
                  0000b2ec    00000004     empty_pem4f.oem4f (.const:ti_sysbios_knl_Task_LM_switch__C)
                  0000b2f0    00000004     empty_pem4f.oem4f (.const:ti_sysbios_knl_Task_Module_State_inactiveQ__O)
                  0000b2f4    00000004     empty_pem4f.oem4f (.const:ti_sysbios_knl_Task_Module__diagsEnabled__C)
                  0000b2f8    00000004     empty_pem4f.oem4f (.const:ti_sysbios_knl_Task_Module__diagsIncluded__C)
                  0000b2fc    00000004     empty_pem4f.oem4f (.const:ti_sysbios_knl_Task_Module__diagsMask__C)
                  0000b300    00000004     empty_pem4f.oem4f (.const:ti_sysbios_knl_Task_Module__loggerFxn2__C)
                  0000b304    00000004     empty_pem4f.oem4f (.const:ti_sysbios_knl_Task_Module__loggerFxn4__C)
                  0000b308    00000004     empty_pem4f.oem4f (.const:ti_sysbios_knl_Task_Module__loggerObj__C)
                  0000b30c    00000004     empty_pem4f.oem4f (.const:ti_sysbios_knl_Task_Object__count__C)
                  0000b310    00000004     empty_pem4f.oem4f (.const:ti_sysbios_knl_Task_allBlockedFunc__C)
                  0000b314    00000004     empty_pem4f.oem4f (.const:ti_sysbios_knl_Task_defaultStackHeap__C)
                  0000b318    00000004     empty_pem4f.oem4f (.const:ti_sysbios_knl_Task_defaultStackSize__C)
                  0000b31c    00000004     empty_pem4f.oem4f (.const:ti_sysbios_knl_Task_numConstructedTasks__C)
                  0000b320    00000004     empty_pem4f.oem4f (.const:ti_sysbios_utils_Load_LS_cpuLoad__C)
                  0000b324    00000004     empty_pem4f.oem4f (.const:ti_sysbios_utils_Load_Module__diagsEnabled__C)
                  0000b328    00000004     empty_pem4f.oem4f (.const:ti_sysbios_utils_Load_Module__diagsIncluded__C)
                  0000b32c    00000004     empty_pem4f.oem4f (.const:ti_sysbios_utils_Load_Module__diagsMask__C)
                  0000b330    00000004     empty_pem4f.oem4f (.const:ti_sysbios_utils_Load_Module__loggerFxn1__C)
                  0000b334    00000004     empty_pem4f.oem4f (.const:ti_sysbios_utils_Load_Module__loggerObj__C)
                  0000b338    00000004     empty_pem4f.oem4f (.const:ti_sysbios_utils_Load_postUpdate__C)
                  0000b33c    00000004     empty_pem4f.oem4f (.const:ti_sysbios_utils_Load_windowInMs__C)
                  0000b340    00000004     empty_pem4f.oem4f (.const:ti_uia_loggers_LoggerStopMode_Module__diagsEnabled__C)
                  0000b344    00000004     empty_pem4f.oem4f (.const:ti_uia_loggers_LoggerStopMode_Module__diagsIncluded__C)
                  0000b348    00000004     empty_pem4f.oem4f (.const:ti_uia_loggers_LoggerStopMode_Module__diagsMask__C)
                  0000b34c    00000004     empty_pem4f.oem4f (.const:ti_uia_loggers_LoggerStopMode_Object__count__C)
                  0000b350    00000004     empty_pem4f.oem4f (.const:ti_uia_runtime_ILoggerSnapshot_Interface__BASE__C)
                  0000b354    00000004     empty_pem4f.oem4f (.const:ti_uia_runtime_IUIATransfer_Interface__BASE__C)
                  0000b358    00000004     empty_pem4f.oem4f (.const:xdc_runtime_Assert_E_assertFailed__C)
                  0000b35c    00000004     empty_pem4f.oem4f (.const:xdc_runtime_Core_A_initializedParams__C)
                  0000b360    00000004     empty_pem4f.oem4f (.const:xdc_runtime_Core_Module__diagsEnabled__C)
                  0000b364    00000004     empty_pem4f.oem4f (.const:xdc_runtime_Core_Module__diagsIncluded__C)
                  0000b368    00000004     empty_pem4f.oem4f (.const:xdc_runtime_Core_Module__diagsMask__C)
                  0000b36c    00000004     empty_pem4f.oem4f (.const:xdc_runtime_Error_E_memory__C)
                  0000b370    00000004     empty_pem4f.oem4f (.const:xdc_runtime_Error_Module__diagsEnabled__C)
                  0000b374    00000004     empty_pem4f.oem4f (.const:xdc_runtime_Error_Module__diagsIncluded__C)
                  0000b378    00000004     empty_pem4f.oem4f (.const:xdc_runtime_Error_Module__diagsMask__C)
                  0000b37c    00000004     empty_pem4f.oem4f (.const:xdc_runtime_Error_Module__loggerFxn8__C)
                  0000b380    00000004     empty_pem4f.oem4f (.const:xdc_runtime_Error_Module__loggerObj__C)
                  0000b384    00000004     empty_pem4f.oem4f (.const:xdc_runtime_Error_policyFxn__C)
                  0000b388    00000004     empty_pem4f.oem4f (.const:xdc_runtime_Error_raiseHook__C)
                  0000b38c    00000004     empty_pem4f.oem4f (.const:xdc_runtime_IFilterLogger_Interface__BASE__C)
                  0000b390    00000004     empty_pem4f.oem4f (.const:xdc_runtime_IGateProvider_Interface__BASE__C)
                  0000b394    00000004     empty_pem4f.oem4f (.const:xdc_runtime_IHeap_Interface__BASE__C)
                  0000b398    00000004     empty_pem4f.oem4f (.const:xdc_runtime_ILogger_Interface__BASE__C)
                  0000b39c    00000004     empty_pem4f.oem4f (.const:xdc_runtime_IModule_Interface__BASE__C)
                  0000b3a0    00000004     empty_pem4f.oem4f (.const:xdc_runtime_Log_L_error__C)
                  0000b3a4    00000004     empty_pem4f.oem4f (.const:xdc_runtime_Memory_defaultHeapInstance__C)
                  0000b3a8    00000004     empty_pem4f.oem4f (.const:xdc_runtime_Startup_execImpl__C)
                  0000b3ac    00000004     empty_pem4f.oem4f (.const:xdc_runtime_Startup_lastFxns__A)
                  0000b3b0    00000004     empty_pem4f.oem4f (.const:xdc_runtime_Startup_maxPasses__C)
                  0000b3b4    00000004     empty_pem4f.oem4f (.const:xdc_runtime_Startup_sfxnRts__C)
                  0000b3b8    00000004     empty_pem4f.oem4f (.const:xdc_runtime_Startup_sfxnTab__C)
                  0000b3bc    00000004     empty_pem4f.oem4f (.const:xdc_runtime_SysMin_bufSize__C)
                  0000b3c0    00000004     empty_pem4f.oem4f (.const:xdc_runtime_SysMin_outputFunc__C)
                  0000b3c4    00000004     empty_pem4f.oem4f (.const:xdc_runtime_System_Module__gateObj__C)
                  0000b3c8    00000004     empty_pem4f.oem4f (.const:xdc_runtime_System_abortFxn__C)
                  0000b3cc    00000004     empty_pem4f.oem4f (.const:xdc_runtime_System_exitFxn__C)
                  0000b3d0    00000004     empty_pem4f.oem4f (.const:xdc_runtime_System_extendFxn__C)
                  0000b3d4    00000004     empty_pem4f.oem4f (.const:xdc_runtime_System_maxAtexitHandlers__C)
                  0000b3d8    00000004     empty_pem4f.oem4f (.const:xdc_runtime_Text_charTab__C)
                  0000b3dc    00000004     empty_pem4f.oem4f (.const:xdc_runtime_Text_nameEmpty__C)
                  0000b3e0    00000004     empty_pem4f.oem4f (.const:xdc_runtime_Text_nameStatic__C)
                  0000b3e4    00000004     empty_pem4f.oem4f (.const:xdc_runtime_Text_nameUnknown__C)
                  0000b3e8    00000004     empty_pem4f.oem4f (.const:xdc_runtime_Text_nodeTab__C)
                  0000b3ec    00000004     empty_pem4f.oem4f (.const:xdc_runtime_Text_visitRopeFxn__C)
                  0000b3f0    00000002     empty_pem4f.oem4f (.const:ti_catalog_arm_cortexm4_tiva_ce_Boot_Module__id__C)
                  0000b3f2    00000002     empty_pem4f.oem4f (.const:ti_sysbios_family_arm_lm4_TimestampProvider_useClockTimer__C)
                  0000b3f4    00000002     empty_pem4f.oem4f (.const:ti_sysbios_family_arm_m3_Hwi_Module__id__C)
                  0000b3f6    00000002     empty_pem4f.oem4f (.const:ti_sysbios_family_arm_m3_Hwi_Module__loggerDefined__C)
                  0000b3f8    00000002     empty_pem4f.oem4f (.const:ti_sysbios_gates_GateMutex_Module__id__C)
                  0000b3fa    00000002     empty_pem4f.oem4f (.const:ti_sysbios_hal_Hwi_Module__id__C)
                  0000b3fc    00000002     empty_pem4f.oem4f (.const:ti_sysbios_heaps_HeapMem_Module__id__C)
                  0000b3fe    00000002     empty_pem4f.oem4f (.const:ti_sysbios_knl_Clock_Module__id__C)
                  0000b400    00000002     empty_pem4f.oem4f (.const:ti_sysbios_knl_Clock_Module__loggerDefined__C)
                  0000b402    00000002     empty_pem4f.oem4f (.const:ti_sysbios_knl_Semaphore_Module__id__C)
                  0000b404    00000002     empty_pem4f.oem4f (.const:ti_sysbios_knl_Semaphore_Module__loggerDefined__C)
                  0000b406    00000002     empty_pem4f.oem4f (.const:ti_sysbios_knl_Swi_Module__id__C)
                  0000b408    00000002     empty_pem4f.oem4f (.const:ti_sysbios_knl_Swi_Module__loggerDefined__C)
                  0000b40a    00000002     empty_pem4f.oem4f (.const:ti_sysbios_knl_Task_Module__id__C)
                  0000b40c    00000002     empty_pem4f.oem4f (.const:ti_sysbios_knl_Task_Module__loggerDefined__C)
                  0000b40e    00000002     empty_pem4f.oem4f (.const:ti_sysbios_utils_Load_Module__id__C)
                  0000b410    00000002     empty_pem4f.oem4f (.const:ti_sysbios_utils_Load_Module__loggerDefined__C)
                  0000b412    00000002     empty_pem4f.oem4f (.const:ti_sysbios_utils_Load_updateInIdle__C)
                  0000b414    00000002     empty_pem4f.oem4f (.const:ti_uia_loggers_LoggerStopMode_Module__id__C)
                  0000b416    00000002     empty_pem4f.oem4f (.const:ti_uia_loggers_LoggerStopMode_isTimestampEnabled__C)
                  0000b418    00000002     empty_pem4f.oem4f (.const:xdc_runtime_Core_Module__id__C)
                  0000b41a    00000002     empty_pem4f.oem4f (.const:xdc_runtime_Error_Module__loggerDefined__C)
                  0000b41c    00000002     empty_pem4f.oem4f (.const:xdc_runtime_Error_maxDepth__C)
                  0000b41e    00000002     empty_pem4f.oem4f (.const:xdc_runtime_Memory_Module__id__C)
                  0000b420    00000002     empty_pem4f.oem4f (.const:xdc_runtime_SysMin_flushAtExit__C)
                  0000b422    00000002     empty_pem4f.oem4f (.const:xdc_runtime_Text_charCnt__C)
                  0000b424    00000002     empty_pem4f.oem4f (.const:xdc_runtime_Text_isLoaded__C)
                  0000b426    00000002     empty_pem4f.oem4f (.const:xdc_runtime_Text_registryModsLastId__C)
                  0000b428    00000002     empty_pem4f.oem4f (.const:xdc_runtime_Text_unnamedModsLastId__C)

.cinit     0    0000b430    00000288     
                  0000b430    00000252     (.cinit..data.load) [load image, compression = lzss]
                  0000b682    00000002     --HOLE-- [fill = 0]
                  0000b684    0000000c     (__TI_handler_table)
                  0000b690    00000008     (.cinit..bss.load) [load image, compression = zero_init]
                  0000b698    00000008     (.cinit..vecs.load) [load image, compression = zero_init]
                  0000b6a0    00000018     (__TI_cinit_table)

.init_array 
*          0    00000000    00000000     UNINITIALIZED

.resetVecs 
*          0    00000000    0000003c     
                  00000000    0000003c     empty_pem4f.oem4f (.resetVecs)

.bss       0    20000380    00003f30     UNINITIALIZED
                  20000380    00000c00     (.common:heartbeatStack)
                  20000f80    00000c00     (.common:measureStack)
                  20001b80    00000400     (.common:diodeStack)
                  20001f80    00000400     (.common:initStack)
                  20002380    00000400     (.common:printStack)
                  20002780    00000400     (.common:ti_sysbios_heaps_HeapMem_Instance_State_0_buf__A)
                  20002b80    00000400     (.common:ti_uia_loggers_LoggerStopMode_Instance_State_2_packetArray__A)
                  20002f80    00000400     (.common:xdc_runtime_SysMin_Module_State_0_outbuf__A)
                  20003380    00000360     (.common:ti_sysbios_family_arm_m3_Hwi_dispatchTable)
                  200036e0    00000200     empty_pem4f.oem4f (.bss:taskStackSection)
                  200038e0    00000020     (.common:uartTivaRingBuffer)
                  20003900    00000200     (.common:ti_uia_loggers_LoggerStopMode_Instance_State_1_packetArray__A)
                  20003b00    00000120     rtsv7M4_T_le_v4SPD16_eabi.lib : trgmsg.c.obj (.bss:_CIOBUF_)
                  20003c20    00000100     (.common:i2cTivaObjects)
                  20003d20    00000050     (.common:diodeStruct)
                  20003d70    00000010     (.common:i2cParams)
                  20003d80    00000100     (.common:ti_uia_loggers_LoggerStopMode_Instance_State_0_packetArray__A)
                  20003e80    000000cc     (.common:uartTivaObjects)
                  20003f4c    00000090     drivers_tivaware.aem4f : GPIOTiva.oem4f (.bss:gpioCallbackInfo)
                  20003fdc    00000050     (.common:heartbeatStruct)
                  2000402c    00000050     (.common:initStruct)
                  2000407c    00000050     (.common:measureStruct)
                  200040cc    00000050     (.common:printStruct)
                  2000411c    00000024     (.common:uartParams)
                  20004140    0000001c     (.common:semBPMStruct)
                  2000415c    0000001c     (.common:semDiodeStruct)
                  20004178    00000008     (.common:parmbuf)
                  20004180    00000030     (.common:ti_uia_loggers_LoggerStopMode_Instance_State_0_hdr__A)
                  200041b0    0000001c     (.common:semMeasureStruct)
                  200041cc    00000004     (.common:beatsPerMinuteDiode)
                  200041d0    00000004     (.common:gpioInterruptVectors)
                  200041d4    00000004     (.common:i2c)
                  200041d8    00000004     (.common:queueBPM)
[...]
0000b204  ti_sysbios_hal_Hwi_E_stackOverflow__C                             
0000b208  ti_sysbios_heaps_HeapMem_A_align__C                               
0000b20c  ti_sysbios_heaps_HeapMem_A_heapSize__C                            
0000b210  ti_sysbios_heaps_HeapMem_A_invalidFree__C                         
0000b214  ti_sysbios_heaps_HeapMem_A_zeroBlock__C                           
0000b218  ti_sysbios_heaps_HeapMem_E_memory__C                              
0000b21c  ti_sysbios_heaps_HeapMem_Module__diagsEnabled__C                  
0000b220  ti_sysbios_heaps_HeapMem_Module__diagsIncluded__C                 
0000b224  ti_sysbios_heaps_HeapMem_Module__diagsMask__C                     
0000b228  ti_sysbios_heaps_HeapMem_Module__gateObj__C                       
0000b22c  ti_sysbios_heaps_HeapMem_Object__count__C                         
0000b230  ti_sysbios_heaps_HeapMem_reqAlign__C                              
0000b234  ti_sysbios_knl_Clock_A_badThreadType__C                           
0000b238  ti_sysbios_knl_Clock_LM_begin__C                                  
0000b23c  ti_sysbios_knl_Clock_LM_tick__C                                   
0000b240  ti_sysbios_knl_Clock_LW_delayed__C                                
0000b244  ti_sysbios_knl_Clock_Module_State_clockQ__O                       
0000b248  ti_sysbios_knl_Clock_Module__diagsEnabled__C                      
0000b24c  ti_sysbios_knl_Clock_Module__diagsIncluded__C                     
0000b250  ti_sysbios_knl_Clock_Module__diagsMask__C                         
0000b254  ti_sysbios_knl_Clock_Module__loggerFxn1__C                        
0000b258  ti_sysbios_knl_Clock_Module__loggerFxn2__C                        
0000b25c  ti_sysbios_knl_Clock_Module__loggerObj__C                         
0000b260  ti_sysbios_knl_Semaphore_A_badContext__C                          
0000b264  ti_sysbios_knl_Semaphore_A_noEvents__C                            
0000b268  ti_sysbios_knl_Semaphore_A_overflow__C                            
0000b26c  ti_sysbios_knl_Semaphore_A_pendTaskDisabled__C                    
0000b270  ti_sysbios_knl_Semaphore_Instance_State_pendQ__O                  
0000b274  ti_sysbios_knl_Semaphore_LM_pend__C                               
0000b278  ti_sysbios_knl_Semaphore_LM_post__C                               
0000b27c  ti_sysbios_knl_Semaphore_Module__diagsEnabled__C                  
0000b280  ti_sysbios_knl_Semaphore_Module__diagsIncluded__C                 
0000b284  ti_sysbios_knl_Semaphore_Module__diagsMask__C                     
0000b288  ti_sysbios_knl_Semaphore_Module__loggerFxn2__C                    
0000b28c  ti_sysbios_knl_Semaphore_Module__loggerFxn4__C                    
0000b290  ti_sysbios_knl_Semaphore_Module__loggerObj__C                     
0000b294  ti_sysbios_knl_Swi_LD_end__C                                      
0000b298  ti_sysbios_knl_Swi_LM_begin__C                                    
0000b29c  ti_sysbios_knl_Swi_LM_post__C                                     
0000b2a0  ti_sysbios_knl_Swi_Module__diagsEnabled__C                        
0000b2a4  ti_sysbios_knl_Swi_Module__diagsIncluded__C                       
0000b2a8  ti_sysbios_knl_Swi_Module__diagsMask__C                           
0000b2ac  ti_sysbios_knl_Swi_Module__loggerFxn1__C                          
0000b2b0  ti_sysbios_knl_Swi_Module__loggerFxn4__C                          
0000b2b4  ti_sysbios_knl_Swi_Module__loggerObj__C                           
0000b2b8  ti_sysbios_knl_Swi_Object__count__C                               
0000b2bc  ti_sysbios_knl_Task_A_badPriority__C                              
0000b2c0  ti_sysbios_knl_Task_A_badTaskState__C                             
0000b2c4  ti_sysbios_knl_Task_A_badThreadType__C                            
0000b2c8  ti_sysbios_knl_Task_A_badTimeout__C                               
0000b2cc  ti_sysbios_knl_Task_A_noPendElem__C                               
0000b2d0  ti_sysbios_knl_Task_A_sleepTaskDisabled__C                        
0000b2d4  ti_sysbios_knl_Task_E_spOutOfBounds__C                            
0000b2d8  ti_sysbios_knl_Task_E_stackOverflow__C                            
0000b2dc  ti_sysbios_knl_Task_LD_block__C                                   
0000b2e0  ti_sysbios_knl_Task_LD_exit__C                                    
0000b2e4  ti_sysbios_knl_Task_LD_ready__C                                   
0000b2e8  ti_sysbios_knl_Task_LM_sleep__C                                   
0000b2ec  ti_sysbios_knl_Task_LM_switch__C                                  
0000b2f0  ti_sysbios_knl_Task_Module_State_inactiveQ__O                     
0000b2f4  ti_sysbios_knl_Task_Module__diagsEnabled__C                       
0000b2f8  ti_sysbios_knl_Task_Module__diagsIncluded__C                      
0000b2fc  ti_sysbios_knl_Task_Module__diagsMask__C                          
0000b300  ti_sysbios_knl_Task_Module__loggerFxn2__C                         
0000b304  ti_sysbios_knl_Task_Module__loggerFxn4__C                         
0000b308  ti_sysbios_knl_Task_Module__loggerObj__C                          
0000b30c  ti_sysbios_knl_Task_Object__count__C                              
0000b310  ti_sysbios_knl_Task_allBlockedFunc__C                             
0000b314  ti_sysbios_knl_Task_defaultStackHeap__C                           
0000b318  ti_sysbios_knl_Task_defaultStackSize__C                           
0000b31c  ti_sysbios_knl_Task_numConstructedTasks__C                        
0000b320  ti_sysbios_utils_Load_LS_cpuLoad__C                               
0000b324  ti_sysbios_utils_Load_Module__diagsEnabled__C                     
0000b328  ti_sysbios_utils_Load_Module__diagsIncluded__C                    
0000b32c  ti_sysbios_utils_Load_Module__diagsMask__C                        
0000b330  ti_sysbios_utils_Load_Module__loggerFxn1__C                       
0000b334  ti_sysbios_utils_Load_Module__loggerObj__C                        
0000b338  ti_sysbios_utils_Load_postUpdate__C                               
0000b33c  ti_sysbios_utils_Load_windowInMs__C                               
0000b340  ti_uia_loggers_LoggerStopMode_Module__diagsEnabled__C             
0000b344  ti_uia_loggers_LoggerStopMode_Module__diagsIncluded__C            
0000b348  ti_uia_loggers_LoggerStopMode_Module__diagsMask__C                
0000b34c  ti_uia_loggers_LoggerStopMode_Object__count__C                    
0000b350  ti_uia_runtime_ILoggerSnapshot_Interface__BASE__C                 
0000b354  ti_uia_runtime_IUIATransfer_Interface__BASE__C                    
0000b358  xdc_runtime_Assert_E_assertFailed__C                              
0000b35c  xdc_runtime_Core_A_initializedParams__C                           
0000b360  xdc_runtime_Core_Module__diagsEnabled__C                          
0000b364  xdc_runtime_Core_Module__diagsIncluded__C                         
0000b368  xdc_runtime_Core_Module__diagsMask__C                             
0000b36c  xdc_runtime_Error_E_memory__C                                     
0000b370  xdc_runtime_Error_Module__diagsEnabled__C                         
0000b374  xdc_runtime_Error_Module__diagsIncluded__C                        
0000b378  xdc_runtime_Error_Module__diagsMask__C                            
0000b37c  xdc_runtime_Error_Module__loggerFxn8__C                           
0000b380  xdc_runtime_Error_Module__loggerObj__C                            
0000b384  xdc_runtime_Error_policyFxn__C                                    
0000b388  xdc_runtime_Error_raiseHook__C                                    
0000b38c  xdc_runtime_IFilterLogger_Interface__BASE__C                      
0000b390  xdc_runtime_IGateProvider_Interface__BASE__C                      
0000b394  xdc_runtime_IHeap_Interface__BASE__C                              
0000b398  xdc_runtime_ILogger_Interface__BASE__C                            
0000b39c  xdc_runtime_IModule_Interface__BASE__C                            
0000b3a0  xdc_runtime_Log_L_error__C                                        
0000b3a4  xdc_runtime_Memory_defaultHeapInstance__C                         
0000b3a8  xdc_runtime_Startup_execImpl__C                                   
0000b3ac  xdc_runtime_Startup_lastFxns__A                                   
0000b3b0  xdc_runtime_Startup_maxPasses__C                                  
0000b3b4  xdc_runtime_Startup_sfxnRts__C                                    
0000b3b8  xdc_runtime_Startup_sfxnTab__C                                    
0000b3bc  xdc_runtime_SysMin_bufSize__C                                     
0000b3c0  xdc_runtime_SysMin_outputFunc__C                                  
0000b3c4  xdc_runtime_System_Module__gateObj__C                             
0000b3c8  xdc_runtime_System_abortFxn__C                                    
0000b3cc  xdc_runtime_System_exitFxn__C                                     
0000b3d0  xdc_runtime_System_extendFxn__C                                   
0000b3d4  xdc_runtime_System_maxAtexitHandlers__C                           
0000b3d8  xdc_runtime_Text_charTab__C                                       
0000b3dc  xdc_runtime_Text_nameEmpty__C                                     
0000b3e0  xdc_runtime_Text_nameStatic__C                                    
0000b3e4  xdc_runtime_Text_nameUnknown__C                                   
0000b3e8  xdc_runtime_Text_nodeTab__C                                       
0000b3ec  xdc_runtime_Text_visitRopeFxn__C                                  
0000b3f0  ti_catalog_arm_cortexm4_tiva_ce_Boot_Module__id__C                
0000b3f2  ti_sysbios_family_arm_lm4_TimestampProvider_useClockTimer__C      
0000b3f4  ti_sysbios_family_arm_m3_Hwi_Module__id__C                        
0000b3f6  ti_sysbios_family_arm_m3_Hwi_Module__loggerDefined__C             
0000b3f8  ti_sysbios_gates_GateMutex_Module__id__C                          
0000b3fa  ti_sysbios_hal_Hwi_Module__id__C                                  
0000b3fc  ti_sysbios_heaps_HeapMem_Module__id__C                            
0000b3fe  ti_sysbios_knl_Clock_Module__id__C                                
0000b400  ti_sysbios_knl_Clock_Module__loggerDefined__C                     
0000b402  ti_sysbios_knl_Semaphore_Module__id__C                            
0000b404  ti_sysbios_knl_Semaphore_Module__loggerDefined__C                 
0000b406  ti_sysbios_knl_Swi_Module__id__C                                  
0000b408  ti_sysbios_knl_Swi_Module__loggerDefined__C                       
0000b40a  ti_sysbios_knl_Task_Module__id__C                                 
0000b40c  ti_sysbios_knl_Task_Module__loggerDefined__C                      
0000b40e  ti_sysbios_utils_Load_Module__id__C                               
0000b410  ti_sysbios_utils_Load_Module__loggerDefined__C                    
0000b412  ti_sysbios_utils_Load_updateInIdle__C                             
0000b414  ti_uia_loggers_LoggerStopMode_Module__id__C                       
0000b416  ti_uia_loggers_LoggerStopMode_isTimestampEnabled__C               
0000b418  xdc_runtime_Core_Module__id__C                                    
0000b41a  xdc_runtime_Error_Module__loggerDefined__C                        
0000b41c  xdc_runtime_Error_maxDepth__C                                     
0000b41e  xdc_runtime_Memory_Module__id__C                                  
0000b420  xdc_runtime_SysMin_flushAtExit__C                                 
0000b422  xdc_runtime_Text_charCnt__C                                       
0000b424  xdc_runtime_Text_isLoaded__C                                      
0000b426  xdc_runtime_Text_registryModsLastId__C                            
0000b428  xdc_runtime_Text_unnamedModsLastId__C                             
0000b430  __TI_static_base__                                                
0000b684  __TI_Handler_Table_Base                                           
0000b690  __TI_Handler_Table_Limit                                          
0000b6a0  __TI_CINIT_Base                                                   
0000b6b8  __TI_CINIT_Limit                                                  
20000000  __start___llvm_prf_cnts                                           
20000000  __stop___llvm_prf_cnts                                            
20000000  ti_sysbios_family_arm_m3_Hwi_ramVectors                           
20000380  heartbeatStack                                                    
20000f80  measureStack                                                      
20001b80  diodeStack                                                        
20001f80  initStack                                                         
20002380  printStack                                                        
20002780  ti_sysbios_heaps_HeapMem_Instance_State_0_buf__A                  
20002b80  ti_uia_loggers_LoggerStopMode_Instance_State_2_packetArray__A     
20002f80  xdc_runtime_SysMin_Module_State_0_outbuf__A                       
20003380  ti_sysbios_family_arm_m3_Hwi_dispatchTable                        
200036e0  ti_sysbios_knl_Task_Instance_State_0_stack__A                     
200038e0  uartTivaRingBuffer                                                
20003900  ti_uia_loggers_LoggerStopMode_Instance_State_1_packetArray__A     
20003b00  __CIOBUF_                                                         
20003c20  i2cTivaObjects                                                    
20003d20  diodeStruct                                                       
20003d70  i2cParams                                                         
20003d80  ti_uia_loggers_LoggerStopMode_Instance_State_0_packetArray__A     
20003e80  uartTivaObjects                                                   
20003fdc  heartbeatStruct                                                   
2000402c  initStruct                                                        
2000407c  measureStruct                                                     
200040cc  printStruct                                                       
2000411c  uartParams                                                        
20004140  semBPMStruct                                                      
2000415c  semDiodeStruct                                                    
20004178  parmbuf                                                           
20004180  ti_uia_loggers_LoggerStopMode_Instance_State_0_hdr__A             
200041b0  semMeasureStruct                                                  
200041cc  beatsPerMinuteDiode                                               
200041d4  i2c                                                               
200041d8  queueBPM                                                          
200041dc  queueMeasure                                                      
200041e0  semBPM                                                            
200041e4  semDiode                                                          
200041e8  semMeasure                                                        
200041ec  uart                                                              
20004200  ti_uia_loggers_LoggerStopMode_Instance_State_1_hdr__A             
20004280  ti_uia_loggers_LoggerStopMode_Instance_State_2_hdr__A             
200042b0  ti_uia_loggers_LoggerStopMode_Object__table__V                    
2000434c  ti_sysbios_utils_Load_Module__state__V                            
200043e4  ti_sysbios_family_arm_lm4_Timer_Object__table__V                  
20004464  ti_sysbios_knl_Swi_Module_State_0_readyQ__A                       
200044e4  ti_sysbios_knl_Task_Module_State_0_readyQ__A                      
20004564  ti_sysbios_knl_Task_Object__table__V                              
200045b0  ti_sysbios_knl_Task_Module__state__V                              
200045f4  ti_sysbios_gates_GateMutex_Object__table__V                       
2000462c  ti_sysbios_family_arm_m3_Hwi_Module__state__V                     
20004660  ti_sysbios_family_arm_lm4_Timer_Module_State_0_device__A          
20004690  ti_sysbios_family_arm_m3_Hwi_Object__table__V                     
200046c0  ti_sysbios_knl_Swi_Object__table__V                               
200046f0  ti_sysbios_knl_Clock_Module__state__V                             
2000471c  ti_sysbios_BIOS_Module__state__V                                  
20004740  ti_sysbios_knl_Swi_Module__state__V                               
2000475c  ti_sysbios_family_arm_lm4_Timer_Module_State_0_handles__A         
20004774  ti_sysbios_heaps_HeapMem_Object__table__V                         
2000478c  gpioPinConfigs                                                    
200047a0  ti_sysbios_family_arm_lm4_Timer_Module__state__V                  
200047ac  ti_sysbios_knl_Task_Module__root__V                               
200047b8  ti_uia_runtime_QueueDescriptor_Module__state__V                   
200047c4  xdc_runtime_SysMin_Module__state__V                               
200047d0  _lock                                                             
200047d4  _unlock                                                           
200047d8  gpioCallbackFunctions                                             
200047e0  ti_uia_runtime_QueueDescriptor_gPtrToFirstDescriptor              
200047e4  ti_uia_runtime_QueueDescriptor_gUpdateCount                       
200047e8  ti_sysbios_family_arm_lm4_TimestampProvider_Module__state__V      
200047f0  ti_sysbios_family_arm_m3_Hwi_Module__root__V                      
200047f8  ti_sysbios_gates_GateHwi_Module__root__V                          
20004800  ti_sysbios_gates_GateMutex_Module__root__V                        
20004808  ti_sysbios_heaps_HeapMem_Module__root__V                          
20004810  ti_sysbios_knl_Clock_Module__root__V                              
20004818  ti_sysbios_knl_Queue_Module__root__V                              
20004820  ti_sysbios_knl_Semaphore_Module__root__V                          
20004828  ti_uia_loggers_LoggerStopMode_Module__root__V                     
20004830  xdc_runtime_Registry_Module__state__V                             
20004838  xdc_runtime_Startup_Module__state__V                              
20004840  xdc_runtime_System_Module_State_0_atexitHandlers__A               
20004848  xdc_runtime_System_Module__state__V                               
20004856  ti_sysbios_family_arm_m3_Hwi_Module_State_0_excActive__A          
20004860  main_func_sp                                                      
20004864  ti_sysbios_family_arm_m3_Hwi_Module_State_0_excContext__A         
20004868  ti_sysbios_family_arm_m3_Hwi_Module_State_0_excStack__A           
2000486c  ti_sysbios_gates_GateHwi_Object__table__V                         
20004870  ti_sysbios_knl_Task_Module_State_0_idleTask__A                    
20004874  ti_sysbios_utils_Load_Module_State_0_runningTask__A               
20004878  ti_sysbios_utils_Load_Module_State_0_taskStartTime__A             
2000487c  xdc_runtime_Memory_Module__state__V                               
20004880  xdc_runtime_Error_Module__state__V                                
20004888  __stack                                                           
20004b88  __STACK_END                                                       
e000e000  ti_sysbios_family_arm_m3_Hwi_nvic                                 
ffffffff  __TI_pprof_out_hndl                                               
ffffffff  __TI_prof_data_size                                               
ffffffff  __TI_prof_data_start                                              
ffffffff  __binit__                                                         
ffffffff  __c_args__                                                        
ffffffff  binit                                                             
UNDEFED   SHT$$INIT_ARRAY$$Base                                             
UNDEFED   SHT$$INIT_ARRAY$$Limit                                            

[820 symbols]
